<html>
<body>
<pre>
<h1>µVision Build Log</h1>
<h2>Tool Versions:</h2>
IDE-Version: µVision V5.22.0.0
Copyright (C) 2016 ARM Ltd and ARM Germany GmbH. All rights reserved.
License Information: Ja Sam, 112, LIC=2TTFW-QJ7NU-WIN5K-ZW2IP-BWKZC-I62JF
 
Tool Versions:
Toolchain:       MDK-ARM Professional  Version: 5.22
Toolchain Path:  C:\Keil_v5\ARM\ARMCC\Bin
C Compiler:      Armcc.exe V5.06 update 4 (build 422)
Assembler:       Armasm.exe V5.06 update 4 (build 422)
Linker/Locator:  ArmLink.exe V5.06 update 4 (build 422)
Library Manager: ArmAr.exe V5.06 update 4 (build 422)
Hex Converter:   FromElf.exe V5.06 update 4 (build 422)
CPU DLL:         SARMCM3.DLL V5.22
Dialog DLL:      DARMCM1.DLL V1.15.0.0
Target DLL:      Segger\JL2CM3.dll V2.99.23.0
Dialog DLL:      TARMCM1.DLL V1.11.0.0
 
<h2>Project:</h2>
D:\Mega\(3)SUS\GIT_mesh_pavic\node-mesh-novi\node-mesh\nrf-mesh-api.uvprojx
Project File Date:  01/15/2017

<h2>Output:</h2>
*** Using Compiler 'V5.06 update 4 (build 422)', folder: 'C:\Keil_v5\ARM\ARMCC\Bin'
Rebuild target 'Target 1'
assembling arm_startup_nrf51.s...
compiling ringbuf.c...
compiling system_nrf51.c...
compiling node-radio.c...
node-radio.c(44): warning:  #177-D: variable "tmp"  was declared but never referenced
      int cnt = 0, i = 0, tmp;
node-radio.c: 1 warning, 0 errors
compiling node.c...
compiling main_mesh_V2.c...
main_mesh_V2.c(100): warning:  #167-D: argument of type "unsigned char *" is incompatible with parameter of type "char *restrict"
  		temp_cnt = sprintf(&temp_buff[4], "ID: %X \t Temperatura: %d C \r\n",get_nrf_id(), temp_data);
main_mesh_V2.c(74): warning:  #177-D: variable "i"  was declared but never referenced
  	int i, temp_data;
main_mesh_V2.c: 2 warnings, 0 errors
compiling radio-platform.c...
radio-platform.c(523): warning:  #177-D: variable "base_addr"  was declared but never referenced
  	uint8_t base_addr[4];
radio-platform.c(524): warning:  #177-D: variable "temp_addr"  was declared but never referenced
  	uint32_t temp_addr;
radio-platform.c: 2 warnings, 0 errors
linking...
Program Size: Code=9076 RO-data=244 RW-data=92 ZI-data=5716  
FromELF: creating hex file...
".\Objects\nrf-mesh-api.axf" - 0 Error(s), 5 Warning(s).

<h2>Software Packages used:</h2>

Package Vendor: ARM
                http://www.keil.com/pack/ARM.CMSIS.5.0.0.pack
                ARM::CMSIS:CORE:5.0.0
                CMSIS (Cortex Microcontroller Software Interface Standard)
   * Component: CORE Version: 5.0.0

<h2>Collection of Component include folders:</h2>
  D:\Mega\(3)SUS\GIT_mesh_pavic\node-mesh-novi\node-mesh\RTE\_Target_1
  C:\Keil_v5\ARM\PACK\ARM\CMSIS\5.0.0\CMSIS\Include
  C:\Keil_v5\ARM\PACK\NordicSemiconductor\nRF_DeviceFamilyPack\8.11.1\Device\Include

<h2>Collection of Component Files used:</h2>

   * Component: ARM::CMSIS:CORE:5.0.0
Build Time Elapsed:  00:00:01
</pre>
</body>
</html>
