Component: ARM Compiler 5.06 update 4 (build 422) Tool: armlink [4d35d2]

==============================================================================

Section Cross References

    main_mesh_v2.o(i.RTC0_IRQHandler) refers to main_mesh_v2.o(i.NVIC_DisableIRQ) for NVIC_DisableIRQ
    main_mesh_v2.o(i.RTC0_IRQHandler) refers to main_mesh_v2.o(i.NVIC_ClearPendingIRQ) for NVIC_ClearPendingIRQ
    main_mesh_v2.o(i.RTC0_IRQHandler) refers to main_mesh_v2.o(i.NVIC_EnableIRQ) for NVIC_EnableIRQ
    main_mesh_v2.o(i.RTC0_IRQHandler) refers to radio-platform.o(.data) for rtc_wake_up
    main_mesh_v2.o(i.RTC0_IRQHandler) refers to node.o(.data) for node_status
    main_mesh_v2.o(i.TIMER0_IRQHandler) refers to main_mesh_v2.o(i.NVIC_DisableIRQ) for NVIC_DisableIRQ
    main_mesh_v2.o(i.TIMER0_IRQHandler) refers to main_mesh_v2.o(i.NVIC_ClearPendingIRQ) for NVIC_ClearPendingIRQ
    main_mesh_v2.o(i.TIMER0_IRQHandler) refers to main_mesh_v2.o(i.NVIC_EnableIRQ) for NVIC_EnableIRQ
    main_mesh_v2.o(i.TIMER0_IRQHandler) refers to main_mesh_v2.o(.data) for timer_done
    main_mesh_v2.o(i.UART0_IRQHandler) refers to main_mesh_v2.o(i.NVIC_DisableIRQ) for NVIC_DisableIRQ
    main_mesh_v2.o(i.UART0_IRQHandler) refers to main_mesh_v2.o(i.NVIC_ClearPendingIRQ) for NVIC_ClearPendingIRQ
    main_mesh_v2.o(i.UART0_IRQHandler) refers to ringbuf.o(i.RingBufEmpty) for RingBufEmpty
    main_mesh_v2.o(i.UART0_IRQHandler) refers to ringbuf.o(i.RingBufReadOne) for RingBufReadOne
    main_mesh_v2.o(i.UART0_IRQHandler) refers to main_mesh_v2.o(i.NVIC_EnableIRQ) for NVIC_EnableIRQ
    main_mesh_v2.o(i.UART0_IRQHandler) refers to main_mesh_v2.o(.data) for uart_ok_to_send
    main_mesh_v2.o(i.UART0_IRQHandler) refers to main_mesh_v2.o(.bss) for rbo_uart
    main_mesh_v2.o(i.main) refers to main_mesh_v2.o(i.clocks_start) for clocks_start
    main_mesh_v2.o(i.main) refers to ringbuf.o(i.RingBufInit) for RingBufInit
    main_mesh_v2.o(i.main) refers to main_mesh_v2.o(i.TIC_TOC_timer_set) for TIC_TOC_timer_set
    main_mesh_v2.o(i.main) refers to main_mesh_v2.o(i.UART_Init) for UART_Init
    main_mesh_v2.o(i.main) refers to main_mesh_v2.o(i.RTC_Init) for RTC_Init
    main_mesh_v2.o(i.main) refers to main_mesh_v2.o(i.Timer0_Init) for Timer0_Init
    main_mesh_v2.o(i.main) refers to radio-platform.o(i.get_nrf_id) for get_nrf_id
    main_mesh_v2.o(i.main) refers to main_mesh_v2.o(i.dbg_print) for dbg_print
    main_mesh_v2.o(i.main) refers to node.o(i.node_loop) for node_loop
    main_mesh_v2.o(i.main) refers to main_mesh_v2.o(.bss) for uart_rx_buf
    main_mesh_v2.o(i.timer_delay) refers to main_mesh_v2.o(i.NVIC_EnableIRQ) for NVIC_EnableIRQ
    main_mesh_v2.o(i.timer_delay) refers to main_mesh_v2.o(i.NVIC_DisableIRQ) for NVIC_DisableIRQ
    main_mesh_v2.o(i.timer_delay) refers to main_mesh_v2.o(.data) for timer_done
    main_mesh_v2.o(i.timer_start) refers to main_mesh_v2.o(i.NVIC_EnableIRQ) for NVIC_EnableIRQ
    main_mesh_v2.o(i.timer_start) refers to main_mesh_v2.o(.data) for timer_done
    system_nrf51.o(i.SystemCoreClockUpdate) refers to system_nrf51.o(.data) for SystemCoreClock
    system_nrf51.o(i.SystemInit) refers to system_nrf51.o(i.is_manual_peripheral_setup_needed) for is_manual_peripheral_setup_needed
    system_nrf51.o(i.SystemInit) refers to system_nrf51.o(i.is_disabled_in_debug_needed) for is_disabled_in_debug_needed
    system_nrf51.o(i.SystemInit) refers to system_nrf51.o(i.is_peripheral_domain_setup_needed) for is_peripheral_domain_setup_needed
    arm_startup_nrf51.o(RESET) refers to arm_startup_nrf51.o(STACK) for __initial_sp
    arm_startup_nrf51.o(RESET) refers to arm_startup_nrf51.o(.text) for Reset_Handler
    arm_startup_nrf51.o(RESET) refers to nrf_esb.o(i.RADIO_IRQHandler) for RADIO_IRQHandler
    arm_startup_nrf51.o(RESET) refers to main_mesh_v2.o(i.UART0_IRQHandler) for UART0_IRQHandler
    arm_startup_nrf51.o(RESET) refers to main_mesh_v2.o(i.TIMER0_IRQHandler) for TIMER0_IRQHandler
    arm_startup_nrf51.o(RESET) refers to main_mesh_v2.o(i.RTC0_IRQHandler) for RTC0_IRQHandler
    arm_startup_nrf51.o(RESET) refers to nrf_esb.o(i.SWI0_IRQHandler) for SWI0_IRQHandler
    arm_startup_nrf51.o(.text) refers to system_nrf51.o(i.SystemInit) for SystemInit
    arm_startup_nrf51.o(.text) refers to entry.o(.ARM.Collect$$$$00000000) for __main
    ringbuf.o(i.RingBufAdvanceRead) refers to ringbuf.o(i.RingBufUsed) for RingBufUsed
    ringbuf.o(i.RingBufAdvanceRead) refers to ringbuf.o(i.UpdateIndexAtomic) for UpdateIndexAtomic
    ringbuf.o(i.RingBufAdvanceWrite) refers to ringbuf.o(i.RingBufFree) for RingBufFree
    ringbuf.o(i.RingBufFree) refers to ringbuf.o(i.RingBufUsed) for RingBufUsed
    ringbuf.o(i.RingBufFull) refers to uidiv.o(.text) for __aeabi_uidivmod
    ringbuf.o(i.RingBufRead) refers to ringbuf.o(i.RingBufReadOne) for RingBufReadOne
    ringbuf.o(i.RingBufReadOne) refers to ringbuf.o(i.UpdateIndexAtomic) for UpdateIndexAtomic
[...]
    radio-platform.o(i.probe) refers to radio-platform.o(i.ESB_Init) for ESB_Init
    radio-platform.o(i.probe) refers to radio-platform.o(i.get_nrf_id) for get_nrf_id
    radio-platform.o(i.probe) refers to nrf_esb.o(i.nrf_esb_write_payload) for nrf_esb_write_payload
    radio-platform.o(i.probe) refers to radio-platform.o(i.nrf_esb_probe_event_handler) for nrf_esb_probe_event_handler
    radio-platform.o(i.probe) refers to radio-platform.o(.bss) for probe_payload
    radio-platform.o(i.probe) refers to radio-platform.o(.data) for esb_probe_status
    radio-platform.o(i.set_config_data) refers to radio-platform.o(i.ESB_Init) for ESB_Init
    radio-platform.o(i.set_config_data) refers to radio-platform.o(i.get_nrf_id) for get_nrf_id
    radio-platform.o(i.set_config_data) refers to memcpya.o(.text) for __aeabi_memcpy
    radio-platform.o(i.set_config_data) refers to nrf_esb.o(i.nrf_esb_write_payload) for nrf_esb_write_payload
    radio-platform.o(i.set_config_data) refers to main_mesh_v2.o(i.timer_delay) for timer_delay
    radio-platform.o(i.set_config_data) refers to main_mesh_v2.o(i.dbg_print) for dbg_print
    radio-platform.o(i.set_config_data) refers to radio-platform.o(i.nrf_esb_tx_event_handler) for nrf_esb_tx_event_handler
    radio-platform.o(i.set_config_data) refers to radio-platform.o(.bss) for tx_payload
    radio-platform.o(i.set_config_data) refers to radio-platform.o(.constdata) for config_ack_magic
    radio-platform.o(i.set_config_data) refers to radio-platform.o(.data) for esb_tx_status
    radio-platform.o(i.set_node_data) refers to radio-platform.o(i.ESB_Init) for ESB_Init
    radio-platform.o(i.set_node_data) refers to radio-platform.o(i.get_nrf_id) for get_nrf_id
    radio-platform.o(i.set_node_data) refers to main_mesh_v2.o(i.timer_delay) for timer_delay
    radio-platform.o(i.set_node_data) refers to memcpya.o(.text) for __aeabi_memcpy
    radio-platform.o(i.set_node_data) refers to nrf_esb.o(i.nrf_esb_write_payload) for nrf_esb_write_payload
    radio-platform.o(i.set_node_data) refers to radio-platform.o(i.nrf_esb_tx_event_handler) for nrf_esb_tx_event_handler
    radio-platform.o(i.set_node_data) refers to radio-platform.o(.bss) for tx_payload
    radio-platform.o(i.set_node_data) refers to radio-platform.o(.constdata) for data_end_magic
    radio-platform.o(i.set_node_data) refers to radio-platform.o(.data) for esb_tx_status
    radio-platform.o(i.sleep_for) refers to main_mesh_v2.o(i.timer_start) for timer_start
    radio-platform.o(i.sleep_for) refers to main_mesh_v2.o(i.dbg_print) for dbg_print
    radio-platform.o(i.sleep_for) refers to main_mesh_v2.o(.data) for timer_done
    radio-platform.o(i.sleep_until_next_interval) refers to radio-platform.o(.data) for rtc_wake_up
    node-radio.o(i.node_radio_get_config_ack) refers to radio-platform.o(i.get_node_data) for get_node_data
    node-radio.o(i.node_radio_get_config_ack) refers to node-radio.o(i.byte_array_to_int) for byte_array_to_int
    node-radio.o(i.node_radio_get_config_ack) refers to node-radio.o(.bss) for input_buffer
    node-radio.o(i.node_radio_get_data) refers to radio-platform.o(i.get_node_data) for get_node_data
    node-radio.o(i.node_radio_get_data) refers to node-radio.o(i.byte_array_to_int) for byte_array_to_int
    node-radio.o(i.node_radio_get_data) refers to node-radio.o(.bss) for input_buffer
    node-radio.o(i.node_radio_get_start_beacon) refers to radio-platform.o(i.get_node_data) for get_node_data
    node-radio.o(i.node_radio_get_start_beacon) refers to node-radio.o(i.byte_array_to_int) for byte_array_to_int
    node-radio.o(i.node_radio_get_start_beacon) refers to node-radio.o(.bss) for input_buffer
    node-radio.o(i.node_radio_set_config_ack) refers to node-radio.o(i.int_to_byte_array) for int_to_byte_array
    node-radio.o(i.node_radio_set_config_ack) refers to radio-platform.o(i.set_node_data) for set_node_data
    node-radio.o(i.node_radio_set_config_ack) refers to node-radio.o(.bss) for output_buffer
    node-radio.o(i.node_radio_set_data) refers to node-radio.o(i.int_to_byte_array) for int_to_byte_array
    node-radio.o(i.node_radio_set_data) refers to radio-platform.o(i.set_node_data) for set_node_data
    node-radio.o(i.node_radio_set_data) refers to node-radio.o(.bss) for output_buffer
    node-radio.o(i.node_radio_set_start_beacon) refers to node-radio.o(i.int_to_byte_array) for int_to_byte_array
    node-radio.o(i.node_radio_set_start_beacon) refers to radio-platform.o(i.set_node_data) for set_node_data
    node-radio.o(i.node_radio_set_start_beacon) refers to node-radio.o(.bss) for output_buffer
    nrf_esb.o(i.RADIO_IRQHandler) refers to nrf_esb.o(.data) for .data
    nrf_esb.o(i.SWI0_IRQHandler) refers to nrf_esb.o(i.NVIC_DisableIRQ) for NVIC_DisableIRQ
    nrf_esb.o(i.SWI0_IRQHandler) refers to nrf_esb.o(i.NVIC_EnableIRQ) for NVIC_EnableIRQ
    nrf_esb.o(i.SWI0_IRQHandler) refers to nrf_esb.o(.data) for .data
    nrf_esb.o(i.addr_conv) refers to nrf_esb.o(i.bytewise_bit_swap) for bytewise_bit_swap
    nrf_esb.o(i.clear_events_restart_rx) refers to nrf_esb.o(.bss) for .bss
    nrf_esb.o(i.clear_events_restart_rx) refers to nrf_esb.o(.data) for .data
    nrf_esb.o(i.nrf_esb_disable) refers to nrf_esb.o(i.reset_fifos) for reset_fifos
    nrf_esb.o(i.nrf_esb_disable) refers to memseta.o(.text) for __aeabi_memclr
    nrf_esb.o(i.nrf_esb_disable) refers to nrf_esb.o(i.NVIC_DisableIRQ) for NVIC_DisableIRQ
    nrf_esb.o(i.nrf_esb_disable) refers to nrf_esb.o(.data) for .data
    nrf_esb.o(i.nrf_esb_disable) refers to nrf_esb.o(.bss) for .bss
    nrf_esb.o(i.nrf_esb_enable_pipes) refers to nrf_esb.o(.data) for .data
    nrf_esb.o(i.nrf_esb_flush_rx) refers to nrf_esb.o(i.NVIC_DisableIRQ) for NVIC_DisableIRQ
    nrf_esb.o(i.nrf_esb_flush_rx) refers to memseta.o(.text) for __aeabi_memclr
    nrf_esb.o(i.nrf_esb_flush_rx) refers to nrf_esb.o(i.NVIC_EnableIRQ) for NVIC_EnableIRQ
    nrf_esb.o(i.nrf_esb_flush_rx) refers to nrf_esb.o(.bss) for .bss
    nrf_esb.o(i.nrf_esb_flush_tx) refers to nrf_esb.o(i.NVIC_DisableIRQ) for NVIC_DisableIRQ
    nrf_esb.o(i.nrf_esb_flush_tx) refers to nrf_esb.o(i.NVIC_EnableIRQ) for NVIC_EnableIRQ
    nrf_esb.o(i.nrf_esb_flush_tx) refers to nrf_esb.o(.bss) for .bss
    nrf_esb.o(i.nrf_esb_get_rf_channel) refers to nrf_esb.o(.data) for .data
    nrf_esb.o(i.nrf_esb_init) refers to nrf_esb.o(i.nrf_esb_disable) for nrf_esb_disable
    nrf_esb.o(i.nrf_esb_init) refers to memcpya.o(.text) for __aeabi_memcpy4
    nrf_esb.o(i.nrf_esb_init) refers to memseta.o(.text) for __aeabi_memclr
    nrf_esb.o(i.nrf_esb_init) refers to nrf_esb.o(i.update_radio_parameters) for update_radio_parameters
    nrf_esb.o(i.nrf_esb_init) refers to nrf_esb.o(i.reset_fifos) for reset_fifos
    nrf_esb.o(i.nrf_esb_init) refers to nrf_esb.o(i.NVIC_SetPriority) for NVIC_SetPriority
    nrf_esb.o(i.nrf_esb_init) refers to nrf_esb.o(i.NVIC_EnableIRQ) for NVIC_EnableIRQ
    nrf_esb.o(i.nrf_esb_init) refers to nrf_esb.o(.data) for .data
    nrf_esb.o(i.nrf_esb_init) refers to nrf_esb.o(.bss) for .bss
    nrf_esb.o(i.nrf_esb_is_idle) refers to nrf_esb.o(.data) for .data
    nrf_esb.o(i.nrf_esb_pop_tx) refers to nrf_esb.o(i.NVIC_DisableIRQ) for NVIC_DisableIRQ
    nrf_esb.o(i.nrf_esb_pop_tx) refers to nrf_esb.o(i.NVIC_EnableIRQ) for NVIC_EnableIRQ
    nrf_esb.o(i.nrf_esb_pop_tx) refers to nrf_esb.o(.bss) for .bss
    nrf_esb.o(i.nrf_esb_read_rx_payload) refers to nrf_esb.o(i.NVIC_DisableIRQ) for NVIC_DisableIRQ
    nrf_esb.o(i.nrf_esb_read_rx_payload) refers to memcpya.o(.text) for __aeabi_memcpy
    nrf_esb.o(i.nrf_esb_read_rx_payload) refers to nrf_esb.o(i.NVIC_EnableIRQ) for NVIC_EnableIRQ
    nrf_esb.o(i.nrf_esb_read_rx_payload) refers to nrf_esb.o(.bss) for .bss
    nrf_esb.o(i.nrf_esb_set_address_length) refers to nrf_esb.o(.data) for .data
    nrf_esb.o(i.nrf_esb_set_address_length) refers to nrf_esb.o(.bss) for .bss
    nrf_esb.o(i.nrf_esb_set_base_address_0) refers to memcpya.o(.text) for __aeabi_memcpy
    nrf_esb.o(i.nrf_esb_set_base_address_0) refers to nrf_esb.o(i.update_radio_addresses) for update_radio_addresses
    nrf_esb.o(i.nrf_esb_set_base_address_0) refers to nrf_esb.o(.data) for .data
    nrf_esb.o(i.nrf_esb_set_base_address_1) refers to memcpya.o(.text) for __aeabi_memcpy
    nrf_esb.o(i.nrf_esb_set_base_address_1) refers to nrf_esb.o(i.update_radio_addresses) for update_radio_addresses
    nrf_esb.o(i.nrf_esb_set_base_address_1) refers to nrf_esb.o(.data) for .data
    nrf_esb.o(i.nrf_esb_set_prefixes) refers to memcpya.o(.text) for __aeabi_memcpy
    nrf_esb.o(i.nrf_esb_set_prefixes) refers to nrf_esb.o(i.update_radio_addresses) for update_radio_addresses
    nrf_esb.o(i.nrf_esb_set_prefixes) refers to nrf_esb.o(.data) for .data
    nrf_esb.o(i.nrf_esb_set_rf_channel) refers to nrf_esb.o(.data) for .data
    nrf_esb.o(i.nrf_esb_set_tx_power) refers to nrf_esb.o(i.update_radio_tx_power) for update_radio_tx_power
    nrf_esb.o(i.nrf_esb_set_tx_power) refers to nrf_esb.o(.bss) for .bss
    nrf_esb.o(i.nrf_esb_start_rx) refers to nrf_esb.o(i.NVIC_ClearPendingIRQ) for NVIC_ClearPendingIRQ
    nrf_esb.o(i.nrf_esb_start_rx) refers to nrf_esb.o(i.NVIC_EnableIRQ) for NVIC_EnableIRQ
    nrf_esb.o(i.nrf_esb_start_rx) refers to nrf_esb.o(i.on_radio_disabled_rx) for on_radio_disabled_rx
    nrf_esb.o(i.nrf_esb_start_rx) refers to nrf_esb.o(.data) for .data
    nrf_esb.o(i.nrf_esb_start_rx) refers to nrf_esb.o(.bss) for .bss
    nrf_esb.o(i.nrf_esb_start_tx) refers to nrf_esb.o(i.start_tx_transaction) for start_tx_transaction
    nrf_esb.o(i.nrf_esb_start_tx) refers to nrf_esb.o(.bss) for .bss
    nrf_esb.o(i.nrf_esb_stop_rx) refers to nrf_esb.o(.data) for .data
    nrf_esb.o(i.nrf_esb_suspend) refers to nrf_esb.o(.data) for .data
    nrf_esb.o(i.nrf_esb_update_prefix) refers to nrf_esb.o(i.update_radio_addresses) for update_radio_addresses
    nrf_esb.o(i.nrf_esb_update_prefix) refers to nrf_esb.o(.data) for .data
    nrf_esb.o(i.nrf_esb_write_payload) refers to nrf_esb.o(i.NVIC_DisableIRQ) for NVIC_DisableIRQ
    nrf_esb.o(i.nrf_esb_write_payload) refers to memcpya.o(.text) for __aeabi_memcpy
    nrf_esb.o(i.nrf_esb_write_payload) refers to nrf_esb.o(i.NVIC_EnableIRQ) for NVIC_EnableIRQ
    nrf_esb.o(i.nrf_esb_write_payload) refers to nrf_esb.o(i.start_tx_transaction) for start_tx_transaction
    nrf_esb.o(i.nrf_esb_write_payload) refers to nrf_esb.o(.bss) for .bss
    nrf_esb.o(i.nrf_esb_write_payload) refers to nrf_esb.o(.data) for .data
    nrf_esb.o(i.on_radio_disabled_rx) refers to nrf_esb.o(i.clear_events_restart_rx) for clear_events_restart_rx
    nrf_esb.o(i.on_radio_disabled_rx) refers to memcpya.o(.text) for __aeabi_memcpy
    nrf_esb.o(i.on_radio_disabled_rx) refers to nrf_esb.o(i.rx_fifo_push_rfbuf) for rx_fifo_push_rfbuf
    nrf_esb.o(i.on_radio_disabled_rx) refers to nrf_esb.o(i.NVIC_SetPendingIRQ) for NVIC_SetPendingIRQ
    nrf_esb.o(i.on_radio_disabled_rx) refers to nrf_esb.o(.bss) for .bss
    nrf_esb.o(i.on_radio_disabled_rx) refers to nrf_esb.o(.data) for .data
    nrf_esb.o(i.on_radio_disabled_rx) refers to nrf_esb.o(i.on_radio_disabled_rx_ack) for on_radio_disabled_rx_ack
    nrf_esb.o(i.on_radio_disabled_rx_ack) refers to nrf_esb.o(.bss) for .bss
    nrf_esb.o(i.on_radio_disabled_rx_ack) refers to nrf_esb.o(.data) for .data
    nrf_esb.o(i.on_radio_disabled_rx_ack) refers to nrf_esb.o(i.on_radio_disabled_rx) for on_radio_disabled_rx
    nrf_esb.o(i.on_radio_disabled_tx) refers to nrf_esb.o(.data) for .data
    nrf_esb.o(i.on_radio_disabled_tx) refers to nrf_esb.o(.bss) for .bss
    nrf_esb.o(i.on_radio_disabled_tx) refers to nrf_esb.o(i.on_radio_disabled_tx_wait_for_ack) for on_radio_disabled_tx_wait_for_ack
    nrf_esb.o(i.on_radio_disabled_tx_noack) refers to nrf_esb.o(i.tx_fifo_remove_last) for tx_fifo_remove_last
    nrf_esb.o(i.on_radio_disabled_tx_noack) refers to nrf_esb.o(i.NVIC_SetPendingIRQ) for NVIC_SetPendingIRQ
    nrf_esb.o(i.on_radio_disabled_tx_noack) refers to nrf_esb.o(i.start_tx_transaction) for start_tx_transaction
    nrf_esb.o(i.on_radio_disabled_tx_noack) refers to nrf_esb.o(.data) for .data
    nrf_esb.o(i.on_radio_disabled_tx_noack) refers to nrf_esb.o(.bss) for .bss
    nrf_esb.o(i.on_radio_disabled_tx_wait_for_ack) refers to nrf_esb.o(i.tx_fifo_remove_last) for tx_fifo_remove_last
    nrf_esb.o(i.on_radio_disabled_tx_wait_for_ack) refers to nrf_esb.o(i.rx_fifo_push_rfbuf) for rx_fifo_push_rfbuf
    nrf_esb.o(i.on_radio_disabled_tx_wait_for_ack) refers to nrf_esb.o(i.NVIC_SetPendingIRQ) for NVIC_SetPendingIRQ
    nrf_esb.o(i.on_radio_disabled_tx_wait_for_ack) refers to nrf_esb.o(i.start_tx_transaction) for start_tx_transaction
    nrf_esb.o(i.on_radio_disabled_tx_wait_for_ack) refers to nrf_esb.o(.bss) for .bss
    nrf_esb.o(i.on_radio_disabled_tx_wait_for_ack) refers to nrf_esb.o(.data) for .data
    nrf_esb.o(i.on_radio_disabled_tx_wait_for_ack) refers to nrf_esb.o(i.on_radio_disabled_tx) for on_radio_disabled_tx
    nrf_esb.o(i.reset_fifos) refers to nrf_esb.o(.bss) for .bss
    nrf_esb.o(i.rx_fifo_push_rfbuf) refers to memcpya.o(.text) for __aeabi_memcpy
    nrf_esb.o(i.rx_fifo_push_rfbuf) refers to nrf_esb.o(.bss) for .bss
    nrf_esb.o(i.start_tx_transaction) refers to memcpya.o(.text) for __aeabi_memcpy
    nrf_esb.o(i.start_tx_transaction) refers to nrf_esb.o(i.NVIC_ClearPendingIRQ) for NVIC_ClearPendingIRQ
    nrf_esb.o(i.start_tx_transaction) refers to nrf_esb.o(i.NVIC_EnableIRQ) for NVIC_EnableIRQ
    nrf_esb.o(i.start_tx_transaction) refers to nrf_esb.o(.data) for .data
    nrf_esb.o(i.start_tx_transaction) refers to nrf_esb.o(.bss) for .bss
    nrf_esb.o(i.start_tx_transaction) refers to nrf_esb.o(i.on_radio_disabled_tx) for on_radio_disabled_tx
    nrf_esb.o(i.start_tx_transaction) refers to nrf_esb.o(i.on_radio_disabled_tx_noack) for on_radio_disabled_tx_noack
    nrf_esb.o(i.tx_fifo_remove_last) refers to nrf_esb.o(i.NVIC_DisableIRQ) for NVIC_DisableIRQ
    nrf_esb.o(i.tx_fifo_remove_last) refers to nrf_esb.o(i.NVIC_EnableIRQ) for NVIC_EnableIRQ
    nrf_esb.o(i.tx_fifo_remove_last) refers to nrf_esb.o(.bss) for .bss
    nrf_esb.o(i.update_radio_addresses) refers to nrf_esb.o(i.addr_conv) for addr_conv
    nrf_esb.o(i.update_radio_addresses) refers to nrf_esb.o(i.bytewise_bit_swap) for bytewise_bit_swap
    nrf_esb.o(i.update_radio_addresses) refers to nrf_esb.o(.data) for .data
    nrf_esb.o(i.update_radio_parameters) refers to nrf_esb.o(i.update_radio_tx_power) for update_radio_tx_power
    nrf_esb.o(i.update_radio_parameters) refers to nrf_esb.o(.bss) for .bss
    nrf_esb.o(i.update_radio_parameters) refers to nrf_esb.o(.data) for .data
    nrf_esb.o(i.update_radio_parameters) refers to nrf_esb.o(i.update_rf_payload_format_esb_dpl) for update_rf_payload_format_esb_dpl
    nrf_esb.o(i.update_radio_parameters) refers to nrf_esb.o(i.update_rf_payload_format_esb) for update_rf_payload_format_esb
    nrf_esb.o(i.update_radio_tx_power) refers to nrf_esb.o(.bss) for .bss
    nrf_esb.o(i.update_rf_payload_format_esb) refers to nrf_esb.o(.data) for .data
    nrf_esb.o(i.update_rf_payload_format_esb_dpl) refers to nrf_esb.o(.data) for .data
    entry.o(.ARM.Collect$$$$00000000) refers (Special) to entry10a.o(.ARM.Collect$$$$0000000D) for __rt_final_cpp
    entry.o(.ARM.Collect$$$$00000000) refers (Special) to entry11a.o(.ARM.Collect$$$$0000000F) for __rt_final_exit
    entry.o(.ARM.Collect$$$$00000000) refers (Special) to entry7b.o(.ARM.Collect$$$$00000008) for _main_clock
    entry.o(.ARM.Collect$$$$00000000) refers (Special) to entry8b.o(.ARM.Collect$$$$0000000A) for _main_cpp_init
    entry.o(.ARM.Collect$$$$00000000) refers (Special) to entry9a.o(.ARM.Collect$$$$0000000B) for _main_init
    entry.o(.ARM.Collect$$$$00000000) refers (Special) to entry5.o(.ARM.Collect$$$$00000004) for _main_scatterload
    entry.o(.ARM.Collect$$$$00000000) refers (Special) to entry2.o(.ARM.Collect$$$$00000001) for _main_stk
    printfa.o(i.__0fprintf) refers (Special) to iusefp.o(.text) for __I$use$fp
    printfa.o(i.__0fprintf) refers to printfa.o(i._printf_core) for _printf_core
    printfa.o(i.__0fprintf) refers to fputc.o(i.fputc) for fputc
    printfa.o(i.__0printf) refers (Special) to iusefp.o(.text) for __I$use$fp
    printfa.o(i.__0printf) refers to printfa.o(i._printf_core) for _printf_core
    printfa.o(i.__0printf) refers to fputc.o(i.fputc) for fputc
    printfa.o(i.__0printf) refers to stdout.o(.data) for __stdout
    printfa.o(i.__0snprintf) refers (Special) to iusefp.o(.text) for __I$use$fp
    printfa.o(i.__0snprintf) refers to printfa.o(i._printf_core) for _printf_core
    printfa.o(i.__0snprintf) refers to printfa.o(i._snputc) for _snputc
    printfa.o(i.__0sprintf) refers (Special) to iusefp.o(.text) for __I$use$fp
    printfa.o(i.__0sprintf) refers to printfa.o(i._printf_core) for _printf_core
    printfa.o(i.__0sprintf) refers to printfa.o(i._sputc) for _sputc
    printfa.o(i.__0vfprintf) refers (Special) to iusefp.o(.text) for __I$use$fp
    printfa.o(i.__0vfprintf) refers to printfa.o(i._printf_core) for _printf_core
    printfa.o(i.__0vfprintf) refers to fputc.o(i.fputc) for fputc
    printfa.o(i.__0vprintf) refers (Special) to iusefp.o(.text) for __I$use$fp
    printfa.o(i.__0vprintf) refers to printfa.o(i._printf_core) for _printf_core
    printfa.o(i.__0vprintf) refers to fputc.o(i.fputc) for fputc
    printfa.o(i.__0vprintf) refers to stdout.o(.data) for __stdout
    printfa.o(i.__0vsnprintf) refers (Special) to iusefp.o(.text) for __I$use$fp
    printfa.o(i.__0vsnprintf) refers to printfa.o(i._printf_core) for _printf_core
    printfa.o(i.__0vsnprintf) refers to printfa.o(i._snputc) for _snputc
    printfa.o(i.__0vsprintf) refers (Special) to iusefp.o(.text) for __I$use$fp
    printfa.o(i.__0vsprintf) refers to printfa.o(i._printf_core) for _printf_core
    printfa.o(i.__0vsprintf) refers to printfa.o(i._sputc) for _sputc
    printfa.o(i._fp_digits) refers (Special) to iusefp.o(.text) for __I$use$fp
    printfa.o(i._fp_digits) refers to dmul.o(.text) for __aeabi_dmul
    printfa.o(i._fp_digits) refers to ddiv.o(.text) for __aeabi_ddiv
    printfa.o(i._fp_digits) refers to cdrcmple.o(.text) for __aeabi_cdrcmple
    printfa.o(i._fp_digits) refers to dadd.o(.text) for __aeabi_dadd
    printfa.o(i._fp_digits) refers to dfixul.o(.text) for __aeabi_d2ulz
    printfa.o(i._fp_digits) refers to uldiv.o(.text) for __aeabi_uldivmod
    printfa.o(i._printf_core) refers (Special) to iusefp.o(.text) for __I$use$fp
    printfa.o(i._printf_core) refers to printfa.o(i._printf_pre_padding) for _printf_pre_padding
    printfa.o(i._printf_core) refers to uldiv.o(.text) for __aeabi_uldivmod
    printfa.o(i._printf_core) refers to printfa.o(i._printf_post_padding) for _printf_post_padding
    printfa.o(i._printf_core) refers to printfa.o(i._fp_digits) for _fp_digits
    printfa.o(i._printf_core) refers to uidiv.o(.text) for __aeabi_uidivmod
    printfa.o(i._printf_post_padding) refers (Special) to iusefp.o(.text) for __I$use$fp
    printfa.o(i._printf_pre_padding) refers (Special) to iusefp.o(.text) for __I$use$fp
    printfa.o(i._snputc) refers (Special) to iusefp.o(.text) for __I$use$fp
    printfa.o(i._sputc) refers (Special) to iusefp.o(.text) for __I$use$fp
    entry2.o(.ARM.Collect$$$$00000001) refers to entry2.o(.ARM.Collect$$$$00002712) for __lit__00000000
    entry2.o(.ARM.Collect$$$$00002712) refers to arm_startup_nrf51.o(STACK) for __initial_sp
    entry2.o(__vectab_stack_and_reset_area) refers to arm_startup_nrf51.o(STACK) for __initial_sp
    entry2.o(__vectab_stack_and_reset_area) refers to entry.o(.ARM.Collect$$$$00000000) for __main
    entry5.o(.ARM.Collect$$$$00000004) refers to init.o(.text) for __scatterload
    entry9a.o(.ARM.Collect$$$$0000000B) refers to main_mesh_v2.o(i.main) for main
    entry9b.o(.ARM.Collect$$$$0000000C) refers to main_mesh_v2.o(i.main) for main
    fputc.o(i.fputc) refers (Special) to iusesemip.o(.text) for __I$use$semihosting$fputc
    fputc.o(i.fputc) refers (Special) to semi.o(.text) for __semihosting_library_function
    uldiv.o(.text) refers to llushr.o(.text) for __aeabi_llsr
    uldiv.o(.text) refers to llshl.o(.text) for __aeabi_llsl
    dadd.o(.text) refers to llshl.o(.text) for __aeabi_llsl
    dadd.o(.text) refers to llsshr.o(.text) for __aeabi_lasr
    dadd.o(.text) refers to depilogue.o(.text) for _double_epilogue
    dmul.o(.text) refers to depilogue.o(.text) for _double_epilogue
    ddiv.o(.text) refers to depilogue.o(.text) for _double_round
    dfixul.o(.text) refers to llushr.o(.text) for __aeabi_llsr
    dfixul.o(.text) refers to llshl.o(.text) for __aeabi_llsl
    init.o(.text) refers to entry5.o(.ARM.Collect$$$$00000004) for __main_after_scatterload
    depilogue.o(.text) refers to depilogue.o(i.__ARM_clz) for __ARM_clz
    depilogue.o(.text) refers to llshl.o(.text) for __aeabi_llsl
    depilogue.o(.text) refers to llushr.o(.text) for __aeabi_llsr
    main_mesh_v2.o(i.dbg_print) refers to printfa.o(i.__0vsprintf) for vsprintf
    main_mesh_v2.o(i.dbg_print) refers to ringbuf.o(i.RingBufWrite) for RingBufWrite
    main_mesh_v2.o(i.dbg_print) refers to ringbuf.o(i.RingBufReadOne) for RingBufReadOne
    main_mesh_v2.o(i.dbg_print) refers to main_mesh_v2.o(.bss) for rbo_uart
    main_mesh_v2.o(i.dbg_print) refers to main_mesh_v2.o(.data) for uart_ok_to_send
    main_mesh_v2.o(i.Timer0_Init) refers to main_mesh_v2.o(i.NVIC_SetPriority) for NVIC_SetPriority
    main_mesh_v2.o(i.Timer0_Init) refers to main_mesh_v2.o(i.NVIC_ClearPendingIRQ) for NVIC_ClearPendingIRQ
    main_mesh_v2.o(i.RTC_Init) refers to main_mesh_v2.o(i.NVIC_SetPriority) for NVIC_SetPriority
    main_mesh_v2.o(i.RTC_Init) refers to main_mesh_v2.o(i.NVIC_ClearPendingIRQ) for NVIC_ClearPendingIRQ
    main_mesh_v2.o(i.RTC_Init) refers to main_mesh_v2.o(i.NVIC_EnableIRQ) for NVIC_EnableIRQ
    main_mesh_v2.o(i.UART_Init) refers to main_mesh_v2.o(i.NVIC_SetPriority) for NVIC_SetPriority
    main_mesh_v2.o(i.UART_Init) refers to main_mesh_v2.o(i.NVIC_ClearPendingIRQ) for NVIC_ClearPendingIRQ
    main_mesh_v2.o(i.UART_Init) refers to main_mesh_v2.o(i.NVIC_EnableIRQ) for NVIC_EnableIRQ


==============================================================================

Removing Unused input sections from the image.

    Removing main_mesh_v2.o(.rev16_text), (4 bytes).
    Removing main_mesh_v2.o(.revsh_text), (4 bytes).
    Removing system_nrf51.o(.rev16_text), (4 bytes).
    Removing system_nrf51.o(.revsh_text), (4 bytes).
    Removing system_nrf51.o(i.SystemCoreClockUpdate), (16 bytes).
    Removing arm_startup_nrf51.o(HEAP), (128 bytes).
    Removing ringbuf.o(.rev16_text), (4 bytes).
    Removing ringbuf.o(.revsh_text), (4 bytes).
    Removing ringbuf.o(i.RingBufAdvanceRead), (40 bytes).
    Removing ringbuf.o(i.RingBufAdvanceWrite), (80 bytes).
    Removing ringbuf.o(i.RingBufContigFree), (36 bytes).
    Removing ringbuf.o(i.RingBufContigUsed), (20 bytes).
    Removing ringbuf.o(i.RingBufFull), (28 bytes).
    Removing ringbuf.o(i.RingBufSize), (6 bytes).
    Removing node.o(.rev16_text), (4 bytes).
    Removing node.o(.revsh_text), (4 bytes).
    Removing radio-platform.o(.rev16_text), (4 bytes).
    Removing radio-platform.o(.revsh_text), (4 bytes).
    Removing radio-platform.o(i.get_config_ack), (2 bytes).
    Removing radio-platform.o(i.get_start_beacon), (2 bytes).
    Removing radio-platform.o(i.set_config_ack), (2 bytes).
    Removing radio-platform.o(i.set_start_beacon), (2 bytes).
    Removing node-radio.o(.rev16_text), (4 bytes).
    Removing node-radio.o(.revsh_text), (4 bytes).
    Removing nrf_esb.o(.rev16_text), (4 bytes).
    Removing nrf_esb.o(.revsh_text), (4 bytes).
    Removing nrf_esb.o(i.nrf_esb_flush_rx), (40 bytes).
    Removing nrf_esb.o(i.nrf_esb_get_rf_channel), (16 bytes).
    Removing nrf_esb.o(i.nrf_esb_pop_tx), (44 bytes).
    Removing nrf_esb.o(i.nrf_esb_set_address_length), (28 bytes).
    Removing nrf_esb.o(i.nrf_esb_set_base_address_1), (28 bytes).
    Removing nrf_esb.o(i.nrf_esb_set_prefixes), (44 bytes).
    Removing nrf_esb.o(i.nrf_esb_set_tx_power), (24 bytes).
    Removing nrf_esb.o(i.nrf_esb_start_tx), (28 bytes).
    Removing nrf_esb.o(i.nrf_esb_suspend), (24 bytes).

35 unused section(s) (total 694 bytes) removed from the image.

==============================================================================

Image Symbol Table

    Local Symbols

    Symbol Name                              Value     Ov Type        Size  Object(Section)

    RESET                                    0x00000000   Section      192  arm_startup_nrf51.o(RESET)
    ../clib/microlib/division.c              0x00000000   Number         0  uldiv.o ABSOLUTE
    ../clib/microlib/division.c              0x00000000   Number         0  uidiv.o ABSOLUTE
    ../clib/microlib/init/entry.s            0x00000000   Number         0  entry10a.o ABSOLUTE
    ../clib/microlib/init/entry.s            0x00000000   Number         0  entry9b.o ABSOLUTE
    ../clib/microlib/init/entry.s            0x00000000   Number         0  entry8a.o ABSOLUTE
    ../clib/microlib/init/entry.s            0x00000000   Number         0  entry7a.o ABSOLUTE
    ../clib/microlib/init/entry.s            0x00000000   Number         0  entry2.o ABSOLUTE
    ../clib/microlib/init/entry.s            0x00000000   Number         0  entry11b.o ABSOLUTE
    ../clib/microlib/init/entry.s            0x00000000   Number         0  entry10b.o ABSOLUTE
    ../clib/microlib/init/entry.s            0x00000000   Number         0  entry11a.o ABSOLUTE
    ../clib/microlib/init/entry.s            0x00000000   Number         0  entry5.o ABSOLUTE
    ../clib/microlib/init/entry.s            0x00000000   Number         0  entry.o ABSOLUTE
    ../clib/microlib/init/entry.s            0x00000000   Number         0  entry9a.o ABSOLUTE
    ../clib/microlib/init/entry.s            0x00000000   Number         0  entry7b.o ABSOLUTE
    ../clib/microlib/init/entry.s            0x00000000   Number         0  entry8b.o ABSOLUTE
    ../clib/microlib/longlong.c              0x00000000   Number         0  llshl.o ABSOLUTE
    ../clib/microlib/longlong.c              0x00000000   Number         0  llushr.o ABSOLUTE
    ../clib/microlib/longlong.c              0x00000000   Number         0  llsshr.o ABSOLUTE
    ../clib/microlib/printf/printf.c         0x00000000   Number         0  printfa.o ABSOLUTE
    ../clib/microlib/stdio/fputc.c           0x00000000   Number         0  fputc.o ABSOLUTE
    ../clib/microlib/stdio/semi.s            0x00000000   Number         0  semi.o ABSOLUTE
    ../clib/microlib/stdio/streams.c         0x00000000   Number         0  stdout.o ABSOLUTE
    ../clib/microlib/string/memcmp.c         0x00000000   Number         0  memcmp.o ABSOLUTE
    ../clib/microlib/string/memcpy.c         0x00000000   Number         0  memcpya.o ABSOLUTE
    ../clib/microlib/string/memcpy.c         0x00000000   Number         0  memcpyb.o ABSOLUTE
    ../clib/microlib/string/memset.c         0x00000000   Number         0  memseta.o ABSOLUTE
    ../clib/microlib/stubs.s                 0x00000000   Number         0  iusesemip.o ABSOLUTE
    ../clib/microlib/stubs.s                 0x00000000   Number         0  iusefp.o ABSOLUTE
    ../fplib/microlib/fpadd.c                0x00000000   Number         0  dadd.o ABSOLUTE
    ../fplib/microlib/fpdiv.c                0x00000000   Number         0  ddiv.o ABSOLUTE
    ../fplib/microlib/fpepilogue.c           0x00000000   Number         0  depilogue.o ABSOLUTE
    ../fplib/microlib/fpfix.c                0x00000000   Number         0  dfixul.o ABSOLUTE
    ../fplib/microlib/fpmul.c                0x00000000   Number         0  dmul.o ABSOLUTE
    Lib\\components\\proprietary_rf\\esb\\nrf_esb.c 0x00000000   Number         0  nrf_esb.o ABSOLUTE
    Lib\\components\\toolchain\\system_nrf51.c 0x00000000   Number         0  system_nrf51.o ABSOLUTE
    Lib\components\proprietary_rf\esb\nrf_esb.c 0x00000000   Number         0  nrf_esb.o ABSOLUTE
    Lib\components\toolchain\arm\arm_startup_nrf51.s 0x00000000   Number         0  arm_startup_nrf51.o ABSOLUTE
    Lib\components\toolchain\system_nrf51.c  0x00000000   Number         0  system_nrf51.o ABSOLUTE
    cdrcmple.s                               0x00000000   Number         0  cdrcmple.o ABSOLUTE
    dc.s                                     0x00000000   Number         0  dc.o ABSOLUTE
    handlers.s                               0x00000000   Number         0  handlers.o ABSOLUTE
    init.s                                   0x00000000   Number         0  init.o ABSOLUTE
    main_mesh_V2.c                           0x00000000   Number         0  main_mesh_v2.o ABSOLUTE
    main_mesh_V2.c                           0x00000000   Number         0  main_mesh_v2.o ABSOLUTE
    node-radio.c                             0x00000000   Number         0  node-radio.o ABSOLUTE
    node-radio.c                             0x00000000   Number         0  node-radio.o ABSOLUTE
    node.c                                   0x00000000   Number         0  node.o ABSOLUTE
    node.c                                   0x00000000   Number         0  node.o ABSOLUTE
    radio-platform.c                         0x00000000   Number         0  radio-platform.o ABSOLUTE
    radio-platform.c                         0x00000000   Number         0  radio-platform.o ABSOLUTE
    ringbuf.c                                0x00000000   Number         0  ringbuf.o ABSOLUTE
    ringbuf.c                                0x00000000   Number         0  ringbuf.o ABSOLUTE
    .ARM.Collect$$$$00000000                 0x000000c0   Section        0  entry.o(.ARM.Collect$$$$00000000)
    .ARM.Collect$$$$00000001                 0x000000c0   Section        4  entry2.o(.ARM.Collect$$$$00000001)
    .ARM.Collect$$$$00000004                 0x000000c4   Section        4  entry5.o(.ARM.Collect$$$$00000004)
    .ARM.Collect$$$$00000008                 0x000000c8   Section        0  entry7b.o(.ARM.Collect$$$$00000008)
    .ARM.Collect$$$$0000000A                 0x000000c8   Section        0  entry8b.o(.ARM.Collect$$$$0000000A)
    .ARM.Collect$$$$0000000B                 0x000000c8   Section        8  entry9a.o(.ARM.Collect$$$$0000000B)
    .ARM.Collect$$$$0000000D                 0x000000d0   Section        0  entry10a.o(.ARM.Collect$$$$0000000D)
    .ARM.Collect$$$$0000000F                 0x000000d0   Section        0  entry11a.o(.ARM.Collect$$$$0000000F)
    .ARM.Collect$$$$00002712                 0x000000d0   Section        4  entry2.o(.ARM.Collect$$$$00002712)
    __lit__00000000                          0x000000d0   Data           4  entry2.o(.ARM.Collect$$$$00002712)
    .text                                    0x000000d4   Section       56  arm_startup_nrf51.o(.text)
    .text                                    0x0000010c   Section        0  uidiv.o(.text)
    .text                                    0x00000138   Section        0  memcpya.o(.text)
    .text                                    0x0000015c   Section        0  memseta.o(.text)
    .text                                    0x00000180   Section        0  memcmp.o(.text)
    .text                                    0x0000019a   Section        0  uldiv.o(.text)
    .text                                    0x000001fa   Section        0  iusefp.o(.text)
    .text                                    0x000001fc   Section        0  dadd.o(.text)
    .text                                    0x00000360   Section        0  dmul.o(.text)
    .text                                    0x00000430   Section        0  ddiv.o(.text)
    .text                                    0x00000520   Section        0  dfixul.o(.text)
    .text                                    0x00000560   Section       40  cdrcmple.o(.text)
    .text                                    0x00000588   Section       36  init.o(.text)
    .text                                    0x000005ac   Section        0  llshl.o(.text)
    .text                                    0x000005cc   Section        0  llushr.o(.text)
    .text                                    0x000005ee   Section        0  llsshr.o(.text)
    .text                                    0x00000614   Section        0  depilogue.o(.text)
    i.ESB_Init                               0x000006d4   Section        0  radio-platform.o(i.ESB_Init)
    i.NVIC_ClearPendingIRQ                   0x00000874   Section        0  main_mesh_v2.o(i.NVIC_ClearPendingIRQ)
    NVIC_ClearPendingIRQ                     0x00000875   Thumb Code    18  main_mesh_v2.o(i.NVIC_ClearPendingIRQ)
    i.NVIC_ClearPendingIRQ                   0x0000088c   Section        0  nrf_esb.o(i.NVIC_ClearPendingIRQ)
    NVIC_ClearPendingIRQ                     0x0000088d   Thumb Code    18  nrf_esb.o(i.NVIC_ClearPendingIRQ)
    i.NVIC_DisableIRQ                        0x000008a4   Section        0  main_mesh_v2.o(i.NVIC_DisableIRQ)
    NVIC_DisableIRQ                          0x000008a5   Thumb Code    18  main_mesh_v2.o(i.NVIC_DisableIRQ)
    i.NVIC_DisableIRQ                        0x000008bc   Section        0  nrf_esb.o(i.NVIC_DisableIRQ)
    NVIC_DisableIRQ                          0x000008bd   Thumb Code    18  nrf_esb.o(i.NVIC_DisableIRQ)
    i.NVIC_EnableIRQ                         0x000008d4   Section        0  main_mesh_v2.o(i.NVIC_EnableIRQ)
    NVIC_EnableIRQ                           0x000008d5   Thumb Code    18  main_mesh_v2.o(i.NVIC_EnableIRQ)
    i.NVIC_EnableIRQ                         0x000008ec   Section        0  nrf_esb.o(i.NVIC_EnableIRQ)
    NVIC_EnableIRQ                           0x000008ed   Thumb Code    18  nrf_esb.o(i.NVIC_EnableIRQ)
    i.NVIC_SetPendingIRQ                     0x00000904   Section        0  nrf_esb.o(i.NVIC_SetPendingIRQ)
    NVIC_SetPendingIRQ                       0x00000905   Thumb Code    18  nrf_esb.o(i.NVIC_SetPendingIRQ)
    i.NVIC_SetPriority                       0x0000091c   Section        0  main_mesh_v2.o(i.NVIC_SetPriority)
    NVIC_SetPriority                         0x0000091d   Thumb Code   110  main_mesh_v2.o(i.NVIC_SetPriority)
    i.NVIC_SetPriority                       0x00000994   Section        0  nrf_esb.o(i.NVIC_SetPriority)
    NVIC_SetPriority                         0x00000995   Thumb Code    60  nrf_esb.o(i.NVIC_SetPriority)
    i.RADIO_IRQHandler                       0x000009d8   Section        0  nrf_esb.o(i.RADIO_IRQHandler)
    i.RTC0_IRQHandler                        0x00000a2c   Section        0  main_mesh_v2.o(i.RTC0_IRQHandler)
    i.RTC_Init                               0x00000aac   Section        0  main_mesh_v2.o(i.RTC_Init)
    i.RingBufEmpty                           0x00000b04   Section        0  ringbuf.o(i.RingBufEmpty)
    i.RingBufFlush                           0x00000b16   Section        0  ringbuf.o(i.RingBufFlush)
    i.RingBufFree                            0x00000b2c   Section        0  ringbuf.o(i.RingBufFree)
    i.RingBufInit                            0x00000b3e   Section        0  ringbuf.o(i.RingBufInit)
    i.RingBufRead                            0x00000b4a   Section        0  ringbuf.o(i.RingBufRead)
    i.RingBufReadOne                         0x00000b66   Section        0  ringbuf.o(i.RingBufReadOne)
    i.RingBufUsed                            0x00000b80   Section        0  ringbuf.o(i.RingBufUsed)
    i.RingBufWrite                           0x00000b98   Section        0  ringbuf.o(i.RingBufWrite)
    i.RingBufWriteOne                        0x00000bc0   Section        0  ringbuf.o(i.RingBufWriteOne)
    i.SWI0_IRQHandler                        0x00000bd8   Section        0  nrf_esb.o(i.SWI0_IRQHandler)
    i.SystemInit                             0x00000c28   Section        0  system_nrf51.o(i.SystemInit)
    i.TIC_TOC_timer_set                      0x00000c8c   Section        0  main_mesh_v2.o(i.TIC_TOC_timer_set)
    TIC_TOC_timer_set                        0x00000c8d   Thumb Code    28  main_mesh_v2.o(i.TIC_TOC_timer_set)
    i.TIMER0_IRQHandler                      0x00000cb4   Section        0  main_mesh_v2.o(i.TIMER0_IRQHandler)
    i.Timer0_Init                            0x00000ce0   Section        0  main_mesh_v2.o(i.Timer0_Init)
    i.UART0_IRQHandler                       0x00000d28   Section        0  main_mesh_v2.o(i.UART0_IRQHandler)
    i.UART_Init                              0x00000d88   Section        0  main_mesh_v2.o(i.UART_Init)
    i.UpdateIndexAtomic                      0x00000df4   Section        0  ringbuf.o(i.UpdateIndexAtomic)
    UpdateIndexAtomic                        0x00000df5   Thumb Code    40  ringbuf.o(i.UpdateIndexAtomic)
    i.__0vsprintf                            0x00000e1c   Section        0  printfa.o(i.__0vsprintf)
    i.__ARM_clz                              0x00000e40   Section        0  depilogue.o(i.__ARM_clz)
    i.__scatterload_copy                     0x00000e6e   Section       14  handlers.o(i.__scatterload_copy)
    i.__scatterload_null                     0x00000e7c   Section        2  handlers.o(i.__scatterload_null)
    i.__scatterload_zeroinit                 0x00000e7e   Section       14  handlers.o(i.__scatterload_zeroinit)
    i._fp_digits                             0x00000e8c   Section        0  printfa.o(i._fp_digits)
    _fp_digits                               0x00000e8d   Thumb Code   344  printfa.o(i._fp_digits)
    i._printf_core                           0x00001000   Section        0  printfa.o(i._printf_core)
    _printf_core                             0x00001001   Thumb Code  1754  printfa.o(i._printf_core)
    i._printf_post_padding                   0x000016ec   Section        0  printfa.o(i._printf_post_padding)
    _printf_post_padding                     0x000016ed   Thumb Code    32  printfa.o(i._printf_post_padding)
    i._printf_pre_padding                    0x0000170c   Section        0  printfa.o(i._printf_pre_padding)
    _printf_pre_padding                      0x0000170d   Thumb Code    44  printfa.o(i._printf_pre_padding)
    i._sputc                                 0x00001738   Section        0  printfa.o(i._sputc)
    _sputc                                   0x00001739   Thumb Code    10  printfa.o(i._sputc)
    i.addr_conv                              0x00001742   Section        0  nrf_esb.o(i.addr_conv)
    addr_conv                                0x00001743   Thumb Code    10  nrf_esb.o(i.addr_conv)
    i.byte_array_to_int                      0x0000174c   Section        0  node-radio.o(i.byte_array_to_int)
    i.bytewise_bit_swap                      0x00001794   Section        0  nrf_esb.o(i.bytewise_bit_swap)
    bytewise_bit_swap                        0x00001795   Thumb Code    40  nrf_esb.o(i.bytewise_bit_swap)
    i.clear_events_restart_rx                0x000017c8   Section        0  nrf_esb.o(i.clear_events_restart_rx)
    clear_events_restart_rx                  0x000017c9   Thumb Code    56  nrf_esb.o(i.clear_events_restart_rx)
    i.clock_monotonic_reset                  0x0000181c   Section        0  radio-platform.o(i.clock_monotonic_reset)
    i.clocks_start                           0x0000182c   Section        0  main_mesh_v2.o(i.clocks_start)
    i.dbg_print                              0x00001870   Section        0  main_mesh_v2.o(i.dbg_print)
    i.get_config_data                        0x000018d0   Section        0  radio-platform.o(i.get_config_data)
    i.get_my_packet_data                     0x00001a20   Section        0  radio-platform.o(i.get_my_packet_data)
    i.get_node_data                          0x00001a7c   Section        0  radio-platform.o(i.get_node_data)
    i.get_nrf_id                             0x00001b84   Section        0  radio-platform.o(i.get_nrf_id)
    i.get_probed                             0x00001b90   Section        0  radio-platform.o(i.get_probed)
    i.int_to_byte_array                      0x00001c6c   Section        0  node-radio.o(i.int_to_byte_array)
    i.is_disabled_in_debug_needed            0x00001ca4   Section        0  system_nrf51.o(i.is_disabled_in_debug_needed)
    is_disabled_in_debug_needed              0x00001ca5   Thumb Code    52  system_nrf51.o(i.is_disabled_in_debug_needed)
    i.is_manual_peripheral_setup_needed      0x00001cdc   Section        0  system_nrf51.o(i.is_manual_peripheral_setup_needed)
    is_manual_peripheral_setup_needed        0x00001cdd   Thumb Code   104  system_nrf51.o(i.is_manual_peripheral_setup_needed)
    i.is_peripheral_domain_setup_needed      0x00001d48   Section        0  system_nrf51.o(i.is_peripheral_domain_setup_needed)
    is_peripheral_domain_setup_needed        0x00001d49   Thumb Code    78  system_nrf51.o(i.is_peripheral_domain_setup_needed)
    i.main                                   0x00001d9c   Section        0  main_mesh_v2.o(i.main)
    i.node_add_data                          0x00001e0c   Section        0  node.o(i.node_add_data)
    i.node_ammend_parent                     0x00001e58   Section        0  node.o(i.node_ammend_parent)
    i.node_ammend_this                       0x00001e6c   Section        0  node.o(i.node_ammend_this)
    i.node_configuration                     0x00001e88   Section        0  node.o(i.node_configuration)
    i.node_create_new_config_data            0x00001ee8   Section        0  node.o(i.node_create_new_config_data)
    i.node_get_config_ack                    0x00001f38   Section        0  node.o(i.node_get_config_ack)
    i.node_init                              0x00002030   Section        0  node.o(i.node_init)
    i.node_loop                              0x000020b0   Section        0  node.o(i.node_loop)
    i.node_propagate_config_data             0x00002148   Section        0  node.o(i.node_propagate_config_data)
    i.node_propagate_data                    0x00002210   Section        0  node.o(i.node_propagate_data)
    i.node_propagate_start                   0x0000222c   Section        0  node.o(i.node_propagate_start)
    i.node_radio_get_config_ack              0x000022d8   Section        0  node-radio.o(i.node_radio_get_config_ack)
    i.node_radio_get_data                    0x00002310   Section        0  node-radio.o(i.node_radio_get_data)
    i.node_radio_get_start_beacon            0x0000237c   Section        0  node-radio.o(i.node_radio_get_start_beacon)
    i.node_radio_set_config_ack              0x000023ac   Section        0  node-radio.o(i.node_radio_set_config_ack)
    i.node_radio_set_data                    0x000023dc   Section        0  node-radio.o(i.node_radio_set_data)
    i.node_radio_set_start_beacon            0x0000242c   Section        0  node-radio.o(i.node_radio_set_start_beacon)
    i.node_set_config_ack                    0x00002454   Section        0  node.o(i.node_set_config_ack)
    i.node_sleep_until_next_interval         0x0000248c   Section        0  node.o(i.node_sleep_until_next_interval)
    i.node_wait_data                         0x000024b4   Section        0  node.o(i.node_wait_data)
    i.node_wait_for_start                    0x00002534   Section        0  node.o(i.node_wait_for_start)
    i.nrf_esb_disable                        0x00002588   Section        0  nrf_esb.o(i.nrf_esb_disable)
    i.nrf_esb_enable_pipes                   0x000025d0   Section        0  nrf_esb.o(i.nrf_esb_enable_pipes)
    i.nrf_esb_flush_tx                       0x000025dc   Section        0  nrf_esb.o(i.nrf_esb_flush_tx)
    i.nrf_esb_get_probed_event_handler       0x000025fc   Section        0  radio-platform.o(i.nrf_esb_get_probed_event_handler)
    i.nrf_esb_init                           0x000026c4   Section        0  nrf_esb.o(i.nrf_esb_init)
    i.nrf_esb_is_idle                        0x000027c8   Section        0  nrf_esb.o(i.nrf_esb_is_idle)
    i.nrf_esb_probe_event_handler            0x000027dc   Section        0  radio-platform.o(i.nrf_esb_probe_event_handler)
    i.nrf_esb_read_rx_payload                0x00002874   Section        0  nrf_esb.o(i.nrf_esb_read_rx_payload)
    i.nrf_esb_rx_event_handler               0x000028d4   Section        0  radio-platform.o(i.nrf_esb_rx_event_handler)
    i.nrf_esb_set_base_address_0             0x00002a18   Section        0  nrf_esb.o(i.nrf_esb_set_base_address_0)
    i.nrf_esb_set_rf_channel                 0x00002a34   Section        0  nrf_esb.o(i.nrf_esb_set_rf_channel)
    i.nrf_esb_start_rx                       0x00002a40   Section        0  nrf_esb.o(i.nrf_esb_start_rx)
    i.nrf_esb_stop_rx                        0x00002ab4   Section        0  nrf_esb.o(i.nrf_esb_stop_rx)
    i.nrf_esb_tx_event_handler               0x00002afc   Section        0  radio-platform.o(i.nrf_esb_tx_event_handler)
    i.nrf_esb_update_prefix                  0x00002bdc   Section        0  nrf_esb.o(i.nrf_esb_update_prefix)
    i.nrf_esb_write_payload                  0x00002bf4   Section        0  nrf_esb.o(i.nrf_esb_write_payload)
    i.on_radio_disabled_rx                   0x00002c84   Section        0  nrf_esb.o(i.on_radio_disabled_rx)
    on_radio_disabled_rx                     0x00002c85   Thumb Code   314  nrf_esb.o(i.on_radio_disabled_rx)
    i.on_radio_disabled_rx_ack               0x00002de0   Section        0  nrf_esb.o(i.on_radio_disabled_rx_ack)
    on_radio_disabled_rx_ack                 0x00002de1   Thumb Code    36  nrf_esb.o(i.on_radio_disabled_rx_ack)
    i.on_radio_disabled_tx                   0x00002e1c   Section        0  nrf_esb.o(i.on_radio_disabled_tx)
    on_radio_disabled_tx                     0x00002e1d   Thumb Code    82  nrf_esb.o(i.on_radio_disabled_tx)
    i.on_radio_disabled_tx_noack             0x00002e9c   Section        0  nrf_esb.o(i.on_radio_disabled_tx_noack)
    on_radio_disabled_tx_noack               0x00002e9d   Thumb Code    48  nrf_esb.o(i.on_radio_disabled_tx_noack)
    i.on_radio_disabled_tx_wait_for_ack      0x00002ed4   Section        0  nrf_esb.o(i.on_radio_disabled_tx_wait_for_ack)
    on_radio_disabled_tx_wait_for_ack        0x00002ed5   Thumb Code   220  nrf_esb.o(i.on_radio_disabled_tx_wait_for_ack)
    i.probe                                  0x00002fe4   Section        0  radio-platform.o(i.probe)
    i.reset_fifos                            0x0000307c   Section        0  nrf_esb.o(i.reset_fifos)
    reset_fifos                              0x0000307d   Thumb Code    22  nrf_esb.o(i.reset_fifos)
    i.rx_fifo_push_rfbuf                     0x00003098   Section        0  nrf_esb.o(i.rx_fifo_push_rfbuf)
    rx_fifo_push_rfbuf                       0x00003099   Thumb Code   116  nrf_esb.o(i.rx_fifo_push_rfbuf)
    i.set_config_data                        0x00003118   Section        0  radio-platform.o(i.set_config_data)
    i.set_node_data                          0x000032bc   Section        0  radio-platform.o(i.set_node_data)
    i.sleep_for                              0x00003394   Section        0  radio-platform.o(i.sleep_for)
    i.sleep_until_next_interval              0x00003404   Section        0  radio-platform.o(i.sleep_until_next_interval)
    i.start_tx_transaction                   0x0000341c   Section        0  nrf_esb.o(i.start_tx_transaction)
    start_tx_transaction                     0x0000341d   Thumb Code   216  nrf_esb.o(i.start_tx_transaction)
    i.timer_delay                            0x00003520   Section        0  main_mesh_v2.o(i.timer_delay)
    i.timer_start                            0x00003570   Section        0  main_mesh_v2.o(i.timer_start)
    i.tx_fifo_remove_last                    0x000035a8   Section        0  nrf_esb.o(i.tx_fifo_remove_last)
    tx_fifo_remove_last                      0x000035a9   Thumb Code    44  nrf_esb.o(i.tx_fifo_remove_last)
    i.update_radio_addresses                 0x000035d8   Section        0  nrf_esb.o(i.update_radio_addresses)
    update_radio_addresses                   0x000035d9   Thumb Code    58  nrf_esb.o(i.update_radio_addresses)
    i.update_radio_parameters                0x0000361c   Section        0  nrf_esb.o(i.update_radio_parameters)
    update_radio_parameters                  0x0000361d   Thumb Code   106  nrf_esb.o(i.update_radio_parameters)
    i.update_radio_tx_power                  0x000036a4   Section        0  nrf_esb.o(i.update_radio_tx_power)
    update_radio_tx_power                    0x000036a5   Thumb Code    10  nrf_esb.o(i.update_radio_tx_power)
    i.update_rf_payload_format_esb           0x000036b8   Section        0  nrf_esb.o(i.update_rf_payload_format_esb)
    update_rf_payload_format_esb             0x000036b9   Thumb Code    30  nrf_esb.o(i.update_rf_payload_format_esb)
    i.update_rf_payload_format_esb_dpl       0x000036e4   Section        0  nrf_esb.o(i.update_rf_payload_format_esb_dpl)
    update_rf_payload_format_esb_dpl         0x000036e5   Thumb Code    22  nrf_esb.o(i.update_rf_payload_format_esb_dpl)
    .constdata                               0x0000370c   Section      416  node.o(.constdata)
    config_data_empty                        0x0000370c   Data         144  node.o(.constdata)
    config_ack_empty                         0x0000379c   Data          12  node.o(.constdata)
    node_data_empty                          0x000037a8   Data         260  node.o(.constdata)
    .constdata                               0x000038ac   Section       20  radio-platform.o(.constdata)
    .data                                    0x20000000   Section        2  main_mesh_v2.o(.data)
    .data                                    0x20000004   Section        4  system_nrf51.o(.data)
    __tagsym$$used                           0x20000004   Number         0  system_nrf51.o(.data)
    .data                                    0x20000008   Section       30  node.o(.data)
    this                                     0x20000008   Data           8  node.o(.data)
    out                                      0x20000010   Data           8  node.o(.data)
    parent                                   0x20000018   Data           8  node.o(.data)
    resync_counter                           0x20000020   Data           4  node.o(.data)
    .data                                    0x20000028   Section       23  radio-platform.o(.data)
    parent                                   0x20000028   Data           8  radio-platform.o(.data)
    .data                                    0x20000040   Section       60  nrf_esb.o(.data)
    m_esb_initialized                        0x20000040   Data           1  nrf_esb.o(.data)
    m_nrf_esb_mainstate                      0x20000041   Data           1  nrf_esb.o(.data)
    m_interrupt_flags                        0x20000044   Data           4  nrf_esb.o(.data)
    on_radio_disabled                        0x20000048   Data           4  nrf_esb.o(.data)
    on_radio_end                             0x2000004c   Data           4  nrf_esb.o(.data)
    update_rf_payload_format                 0x20000050   Data           4  nrf_esb.o(.data)
    mp_current_payload                       0x20000054   Data           4  nrf_esb.o(.data)
    m_event_handler                          0x20000058   Data           4  nrf_esb.o(.data)
    m_retransmits_remaining                  0x2000005c   Data           4  nrf_esb.o(.data)
    m_last_tx_attempts                       0x20000060   Data           4  nrf_esb.o(.data)
    m_wait_for_ack_timeout_us                0x20000064   Data           4  nrf_esb.o(.data)
    m_esb_addr                               0x20000068   Data          20  nrf_esb.o(.data)
    .bss                                     0x2000007c   Section     2080  main_mesh_v2.o(.bss)
    .bss                                     0x2000089c   Section      836  node.o(.bss)
    node_data                                0x2000089c   Data         260  node.o(.bss)
    temp_data                                0x200009a0   Data         260  node.o(.bss)
    temp_config_data                         0x20000aa4   Data         144  node.o(.bss)
    config_data                              0x20000b34   Data         144  node.o(.bss)
    config_ack                               0x20000bc4   Data          12  node.o(.bss)
    probe_table                              0x20000bd0   Data          16  node.o(.bss)
    .bss                                     0x20000be0   Section      765  radio-platform.o(.bss)
    .bss                                     0x20000edd   Section      200  node-radio.o(.bss)
    output_buffer                            0x20000edd   Data         100  node-radio.o(.bss)
    input_buffer                             0x20000f41   Data         100  node-radio.o(.bss)
    .bss                                     0x20000fa8   Section      818  nrf_esb.o(.bss)
    m_config_local                           0x20000fa8   Data          24  nrf_esb.o(.bss)
    m_tx_fifo_payload                        0x20000fc0   Data         296  nrf_esb.o(.bss)
    m_tx_fifo                                0x200010e8   Data          44  nrf_esb.o(.bss)
    m_rx_fifo_payload                        0x20001114   Data         296  nrf_esb.o(.bss)
    m_rx_fifo                                0x2000123c   Data          44  nrf_esb.o(.bss)
    m_tx_payload_buffer                      0x20001268   Data          34  nrf_esb.o(.bss)
    m_rx_payload_buffer                      0x2000128a   Data          34  nrf_esb.o(.bss)
    m_pids                                   0x200012ac   Data           9  nrf_esb.o(.bss)
    m_rx_pipe_info                           0x200012b6   Data          36  nrf_esb.o(.bss)
    STACK                                    0x200012e0   Section     2048  arm_startup_nrf51.o(STACK)

    Global Symbols

    Symbol Name                              Value     Ov Type        Size  Object(Section)

    BuildAttributes$$THM_ISAv3M$S$PE$A:L22$X:L11$S22$IEEE1$IW$USESV6$~STKCKD$USESV7$~SHL$OSPACE$ROPI$EBA8$MICROLIB$REQ8$PRES8$EABIv2 0x00000000   Number         0  anon$$obj.o ABSOLUTE
    __ARM_use_no_argv                        0x00000000   Number         0  main_mesh_v2.o ABSOLUTE
    __Vectors                                0x00000000   Data           4  arm_startup_nrf51.o(RESET)
    __cpp_initialize__aeabi_                  - Undefined Weak Reference
    __cxa_finalize                            - Undefined Weak Reference
    __decompress                              - Undefined Weak Reference
    _clock_init                               - Undefined Weak Reference
    _microlib_exit                            - Undefined Weak Reference
    __Vectors_End                            0x000000c0   Data           0  arm_startup_nrf51.o(RESET)
    __Vectors_Size                           0x000000c0   Number         0  arm_startup_nrf51.o ABSOLUTE
    __main                                   0x000000c1   Thumb Code     0  entry.o(.ARM.Collect$$$$00000000)
    _main_stk                                0x000000c1   Thumb Code     0  entry2.o(.ARM.Collect$$$$00000001)
    _main_scatterload                        0x000000c5   Thumb Code     0  entry5.o(.ARM.Collect$$$$00000004)
    __main_after_scatterload                 0x000000c9   Thumb Code     0  entry5.o(.ARM.Collect$$$$00000004)
    _main_clock                              0x000000c9   Thumb Code     0  entry7b.o(.ARM.Collect$$$$00000008)
    _main_cpp_init                           0x000000c9   Thumb Code     0  entry8b.o(.ARM.Collect$$$$0000000A)
    _main_init                               0x000000c9   Thumb Code     0  entry9a.o(.ARM.Collect$$$$0000000B)
    __rt_final_cpp                           0x000000d1   Thumb Code     0  entry10a.o(.ARM.Collect$$$$0000000D)
    __rt_final_exit                          0x000000d1   Thumb Code     0  entry11a.o(.ARM.Collect$$$$0000000F)
    Reset_Handler                            0x000000d5   Thumb Code    26  arm_startup_nrf51.o(.text)
    NMI_Handler                              0x000000ef   Thumb Code     2  arm_startup_nrf51.o(.text)
    HardFault_Handler                        0x000000f1   Thumb Code     2  arm_startup_nrf51.o(.text)
    SVC_Handler                              0x000000f3   Thumb Code     2  arm_startup_nrf51.o(.text)
    PendSV_Handler                           0x000000f5   Thumb Code     2  arm_startup_nrf51.o(.text)
    SysTick_Handler                          0x000000f7   Thumb Code     2  arm_startup_nrf51.o(.text)
    ADC_IRQHandler                           0x000000f9   Thumb Code     0  arm_startup_nrf51.o(.text)
    CCM_AAR_IRQHandler                       0x000000f9   Thumb Code     0  arm_startup_nrf51.o(.text)
    ECB_IRQHandler                           0x000000f9   Thumb Code     0  arm_startup_nrf51.o(.text)
    GPIOTE_IRQHandler                        0x000000f9   Thumb Code     0  arm_startup_nrf51.o(.text)
    LPCOMP_IRQHandler                        0x000000f9   Thumb Code     0  arm_startup_nrf51.o(.text)
    POWER_CLOCK_IRQHandler                   0x000000f9   Thumb Code     0  arm_startup_nrf51.o(.text)
    QDEC_IRQHandler                          0x000000f9   Thumb Code     0  arm_startup_nrf51.o(.text)
    RNG_IRQHandler                           0x000000f9   Thumb Code     0  arm_startup_nrf51.o(.text)
    RTC1_IRQHandler                          0x000000f9   Thumb Code     0  arm_startup_nrf51.o(.text)
    SPI0_TWI0_IRQHandler                     0x000000f9   Thumb Code     0  arm_startup_nrf51.o(.text)
    SPI1_TWI1_IRQHandler                     0x000000f9   Thumb Code     0  arm_startup_nrf51.o(.text)
    SWI1_IRQHandler                          0x000000f9   Thumb Code     0  arm_startup_nrf51.o(.text)
    SWI2_IRQHandler                          0x000000f9   Thumb Code     0  arm_startup_nrf51.o(.text)
    SWI3_IRQHandler                          0x000000f9   Thumb Code     0  arm_startup_nrf51.o(.text)
    SWI4_IRQHandler                          0x000000f9   Thumb Code     0  arm_startup_nrf51.o(.text)
    SWI5_IRQHandler                          0x000000f9   Thumb Code     0  arm_startup_nrf51.o(.text)
    TEMP_IRQHandler                          0x000000f9   Thumb Code     0  arm_startup_nrf51.o(.text)
    TIMER1_IRQHandler                        0x000000f9   Thumb Code     0  arm_startup_nrf51.o(.text)
    TIMER2_IRQHandler                        0x000000f9   Thumb Code     0  arm_startup_nrf51.o(.text)
    WDT_IRQHandler                           0x000000f9   Thumb Code     0  arm_startup_nrf51.o(.text)
    __aeabi_uidiv                            0x0000010d   Thumb Code     0  uidiv.o(.text)
    __aeabi_uidivmod                         0x0000010d   Thumb Code    44  uidiv.o(.text)
    __aeabi_memcpy                           0x00000139   Thumb Code    36  memcpya.o(.text)
    __aeabi_memcpy4                          0x00000139   Thumb Code     0  memcpya.o(.text)
    __aeabi_memcpy8                          0x00000139   Thumb Code     0  memcpya.o(.text)
    __aeabi_memset                           0x0000015d   Thumb Code    14  memseta.o(.text)
    __aeabi_memset4                          0x0000015d   Thumb Code     0  memseta.o(.text)
    __aeabi_memset8                          0x0000015d   Thumb Code     0  memseta.o(.text)
    __aeabi_memclr                           0x0000016b   Thumb Code     4  memseta.o(.text)
    __aeabi_memclr4                          0x0000016b   Thumb Code     0  memseta.o(.text)
    __aeabi_memclr8                          0x0000016b   Thumb Code     0  memseta.o(.text)
    _memset$wrapper                          0x0000016f   Thumb Code    18  memseta.o(.text)
    memcmp                                   0x00000181   Thumb Code    26  memcmp.o(.text)
    __aeabi_uldivmod                         0x0000019b   Thumb Code    96  uldiv.o(.text)
    __I$use$fp                               0x000001fb   Thumb Code     0  iusefp.o(.text)
    __aeabi_dadd                             0x000001fd   Thumb Code   328  dadd.o(.text)
    __aeabi_dsub                             0x00000345   Thumb Code    12  dadd.o(.text)
    __aeabi_drsub                            0x00000351   Thumb Code    12  dadd.o(.text)
    __aeabi_dmul                             0x00000361   Thumb Code   202  dmul.o(.text)
    __aeabi_ddiv                             0x00000431   Thumb Code   234  ddiv.o(.text)
    __aeabi_d2ulz                            0x00000521   Thumb Code    54  dfixul.o(.text)
    __aeabi_cdrcmple                         0x00000561   Thumb Code    38  cdrcmple.o(.text)
    __scatterload                            0x00000589   Thumb Code    28  init.o(.text)
    __scatterload_rt2                        0x00000589   Thumb Code     0  init.o(.text)
    __aeabi_llsl                             0x000005ad   Thumb Code    32  llshl.o(.text)
    _ll_shift_l                              0x000005ad   Thumb Code     0  llshl.o(.text)
    __aeabi_llsr                             0x000005cd   Thumb Code    34  llushr.o(.text)
    _ll_ushift_r                             0x000005cd   Thumb Code     0  llushr.o(.text)
    __aeabi_lasr                             0x000005ef   Thumb Code    38  llsshr.o(.text)
    _ll_sshift_r                             0x000005ef   Thumb Code     0  llsshr.o(.text)
    _double_round                            0x00000615   Thumb Code    26  depilogue.o(.text)
    _double_epilogue                         0x0000062f   Thumb Code   164  depilogue.o(.text)
    ESB_Init                                 0x000006d5   Thumb Code   374  radio-platform.o(i.ESB_Init)
    RADIO_IRQHandler                         0x000009d9   Thumb Code    70  nrf_esb.o(i.RADIO_IRQHandler)
    RTC0_IRQHandler                          0x00000a2d   Thumb Code   102  main_mesh_v2.o(i.RTC0_IRQHandler)
    RTC_Init                                 0x00000aad   Thumb Code    66  main_mesh_v2.o(i.RTC_Init)
    RingBufEmpty                             0x00000b05   Thumb Code    18  ringbuf.o(i.RingBufEmpty)
    RingBufFlush                             0x00000b17   Thumb Code    22  ringbuf.o(i.RingBufFlush)
    RingBufFree                              0x00000b2d   Thumb Code    18  ringbuf.o(i.RingBufFree)
    RingBufInit                              0x00000b3f   Thumb Code    12  ringbuf.o(i.RingBufInit)
    RingBufRead                              0x00000b4b   Thumb Code    28  ringbuf.o(i.RingBufRead)
    RingBufReadOne                           0x00000b67   Thumb Code    26  ringbuf.o(i.RingBufReadOne)
    RingBufUsed                              0x00000b81   Thumb Code    24  ringbuf.o(i.RingBufUsed)
    RingBufWrite                             0x00000b99   Thumb Code    40  ringbuf.o(i.RingBufWrite)
    RingBufWriteOne                          0x00000bc1   Thumb Code    24  ringbuf.o(i.RingBufWriteOne)
    SWI0_IRQHandler                          0x00000bd9   Thumb Code    76  nrf_esb.o(i.SWI0_IRQHandler)
    SystemInit                               0x00000c29   Thumb Code    76  system_nrf51.o(i.SystemInit)
    TIMER0_IRQHandler                        0x00000cb5   Thumb Code    34  main_mesh_v2.o(i.TIMER0_IRQHandler)
    Timer0_Init                              0x00000ce1   Thumb Code    56  main_mesh_v2.o(i.Timer0_Init)
    UART0_IRQHandler                         0x00000d29   Thumb Code    76  main_mesh_v2.o(i.UART0_IRQHandler)
    UART_Init                                0x00000d89   Thumb Code    82  main_mesh_v2.o(i.UART_Init)
    __0vsprintf                              0x00000e1d   Thumb Code    30  printfa.o(i.__0vsprintf)
    __1vsprintf                              0x00000e1d   Thumb Code     0  printfa.o(i.__0vsprintf)
    __2vsprintf                              0x00000e1d   Thumb Code     0  printfa.o(i.__0vsprintf)
    __c89vsprintf                            0x00000e1d   Thumb Code     0  printfa.o(i.__0vsprintf)
    vsprintf                                 0x00000e1d   Thumb Code     0  printfa.o(i.__0vsprintf)
    __ARM_clz                                0x00000e41   Thumb Code    46  depilogue.o(i.__ARM_clz)
    __scatterload_copy                       0x00000e6f   Thumb Code    14  handlers.o(i.__scatterload_copy)
    __scatterload_null                       0x00000e7d   Thumb Code     2  handlers.o(i.__scatterload_null)
    __scatterload_zeroinit                   0x00000e7f   Thumb Code    14  handlers.o(i.__scatterload_zeroinit)
    byte_array_to_int                        0x0000174d   Thumb Code    70  node-radio.o(i.byte_array_to_int)
    clock_monotonic_reset                    0x0000181d   Thumb Code    12  radio-platform.o(i.clock_monotonic_reset)
    clocks_start                             0x0000182d   Thumb Code    60  main_mesh_v2.o(i.clocks_start)
    dbg_print                                0x00001871   Thumb Code    78  main_mesh_v2.o(i.dbg_print)
    get_config_data                          0x000018d1   Thumb Code   308  radio-platform.o(i.get_config_data)
    get_my_packet_data                       0x00001a21   Thumb Code    72  radio-platform.o(i.get_my_packet_data)
    get_node_data                            0x00001a7d   Thumb Code   244  radio-platform.o(i.get_node_data)
    get_nrf_id                               0x00001b85   Thumb Code     6  radio-platform.o(i.get_nrf_id)
    get_probed                               0x00001b91   Thumb Code   202  radio-platform.o(i.get_probed)
    int_to_byte_array                        0x00001c6d   Thumb Code    54  node-radio.o(i.int_to_byte_array)
    main                                     0x00001d9d   Thumb Code    68  main_mesh_v2.o(i.main)
    node_add_data                            0x00001e0d   Thumb Code    66  node.o(i.node_add_data)
    node_ammend_parent                       0x00001e59   Thumb Code    10  node.o(i.node_ammend_parent)
    node_ammend_this                         0x00001e6d   Thumb Code    20  node.o(i.node_ammend_this)
    node_configuration                       0x00001e89   Thumb Code    44  node.o(i.node_configuration)
    node_create_new_config_data              0x00001ee9   Thumb Code    66  node.o(i.node_create_new_config_data)
    node_get_config_ack                      0x00001f39   Thumb Code   138  node.o(i.node_get_config_ack)
    node_init                                0x00002031   Thumb Code    84  node.o(i.node_init)
    node_loop                                0x000020b1   Thumb Code   124  node.o(i.node_loop)
    node_propagate_config_data               0x00002149   Thumb Code   118  node.o(i.node_propagate_config_data)
    node_propagate_data                      0x00002211   Thumb Code    14  node.o(i.node_propagate_data)
    node_propagate_start                     0x0000222d   Thumb Code    62  node.o(i.node_propagate_start)
    node_radio_get_config_ack                0x000022d9   Thumb Code    50  node-radio.o(i.node_radio_get_config_ack)
    node_radio_get_data                      0x00002311   Thumb Code   104  node-radio.o(i.node_radio_get_data)
    node_radio_get_start_beacon              0x0000237d   Thumb Code    42  node-radio.o(i.node_radio_get_start_beacon)
    node_radio_set_config_ack                0x000023ad   Thumb Code    42  node-radio.o(i.node_radio_set_config_ack)
    node_radio_set_data                      0x000023dd   Thumb Code    76  node-radio.o(i.node_radio_set_data)
    node_radio_set_start_beacon              0x0000242d   Thumb Code    34  node-radio.o(i.node_radio_set_start_beacon)
    node_set_config_ack                      0x00002455   Thumb Code    18  node.o(i.node_set_config_ack)
    node_sleep_until_next_interval           0x0000248d   Thumb Code    20  node.o(i.node_sleep_until_next_interval)
    node_wait_data                           0x000024b5   Thumb Code   108  node.o(i.node_wait_data)
    node_wait_for_start                      0x00002535   Thumb Code    24  node.o(i.node_wait_for_start)
    nrf_esb_disable                          0x00002589   Thumb Code    54  nrf_esb.o(i.nrf_esb_disable)
    nrf_esb_enable_pipes                     0x000025d1   Thumb Code     8  nrf_esb.o(i.nrf_esb_enable_pipes)
    nrf_esb_flush_tx                         0x000025dd   Thumb Code    28  nrf_esb.o(i.nrf_esb_flush_tx)
    nrf_esb_get_probed_event_handler         0x000025fd   Thumb Code   158  radio-platform.o(i.nrf_esb_get_probed_event_handler)
    nrf_esb_init                             0x000026c5   Thumb Code   214  nrf_esb.o(i.nrf_esb_init)
    nrf_esb_is_idle                          0x000027c9   Thumb Code    16  nrf_esb.o(i.nrf_esb_is_idle)
    nrf_esb_probe_event_handler              0x000027dd   Thumb Code   140  radio-platform.o(i.nrf_esb_probe_event_handler)
    nrf_esb_read_rx_payload                  0x00002875   Thumb Code    90  nrf_esb.o(i.nrf_esb_read_rx_payload)
    nrf_esb_rx_event_handler                 0x000028d5   Thumb Code   268  radio-platform.o(i.nrf_esb_rx_event_handler)
    nrf_esb_set_base_address_0               0x00002a19   Thumb Code    22  nrf_esb.o(i.nrf_esb_set_base_address_0)
    nrf_esb_set_rf_channel                   0x00002a35   Thumb Code     8  nrf_esb.o(i.nrf_esb_set_rf_channel)
    nrf_esb_start_rx                         0x00002a41   Thumb Code    82  nrf_esb.o(i.nrf_esb_start_rx)
    nrf_esb_stop_rx                          0x00002ab5   Thumb Code    52  nrf_esb.o(i.nrf_esb_stop_rx)
    nrf_esb_tx_event_handler                 0x00002afd   Thumb Code   178  radio-platform.o(i.nrf_esb_tx_event_handler)
    nrf_esb_update_prefix                    0x00002bdd   Thumb Code    18  nrf_esb.o(i.nrf_esb_update_prefix)
    nrf_esb_write_payload                    0x00002bf5   Thumb Code   126  nrf_esb.o(i.nrf_esb_write_payload)
    probe                                    0x00002fe5   Thumb Code   140  radio-platform.o(i.probe)
    set_config_data                          0x00003119   Thumb Code   382  radio-platform.o(i.set_config_data)
    set_node_data                            0x000032bd   Thumb Code   192  radio-platform.o(i.set_node_data)
    sleep_for                                0x00003395   Thumb Code    72  radio-platform.o(i.sleep_for)
    sleep_until_next_interval                0x00003405   Thumb Code    20  radio-platform.o(i.sleep_until_next_interval)
    timer_delay                              0x00003521   Thumb Code    64  main_mesh_v2.o(i.timer_delay)
    timer_start                              0x00003571   Thumb Code    40  main_mesh_v2.o(i.timer_start)
    probe_magic                              0x000038ac   Data           4  radio-platform.o(.constdata)
    config_ack_magic                         0x000038b0   Data           4  radio-platform.o(.constdata)
    start_beacon_magic                       0x000038b4   Data           4  radio-platform.o(.constdata)
    data_magic                               0x000038b8   Data           4  radio-platform.o(.constdata)
    data_end_magic                           0x000038bc   Data           4  radio-platform.o(.constdata)
    Region$$Table$$Base                      0x000038c0   Number         0  anon$$obj.o(Region$$Table)
    Region$$Table$$Limit                     0x000038e0   Number         0  anon$$obj.o(Region$$Table)
    uart_ok_to_send                          0x20000000   Data           1  main_mesh_v2.o(.data)
    timer_done                               0x20000001   Data           1  main_mesh_v2.o(.data)
    SystemCoreClock                          0x20000004   Data           4  system_nrf51.o(.data)
    node_status                              0x20000024   Data           1  node.o(.data)
    current_state                            0x20000025   Data           1  node.o(.data)
    esb_probe_status                         0x20000030   Data           1  radio-platform.o(.data)
    global_temp_probe                        0x20000034   Data           8  radio-platform.o(.data)
    rtc_wake_up                              0x2000003c   Data           1  radio-platform.o(.data)
    esb_tx_status                            0x2000003d   Data           1  radio-platform.o(.data)
    esb_rx_status                            0x2000003e   Data           1  radio-platform.o(.data)
    rbo_uart                                 0x2000007c   Data          16  main_mesh_v2.o(.bss)
    rbo_esb_rx                               0x2000008c   Data          16  main_mesh_v2.o(.bss)
    uart_rx_buf                              0x2000009c   Data        1024  main_mesh_v2.o(.bss)
    esb_rx_buf                               0x2000049c   Data        1024  main_mesh_v2.o(.bss)
    probe_payload                            0x20000be0   Data         255  radio-platform.o(.bss)
    tx_payload                               0x20000cdf   Data         255  radio-platform.o(.bss)
    rx_payload                               0x20000dde   Data         255  radio-platform.o(.bss)
    __initial_sp                             0x20001ae0   Data           0  arm_startup_nrf51.o(STACK)



==============================================================================

Memory Map of the image

  Image Entry point : 0x000000c1

  Load Region LR_IROM1 (Base: 0x00000000, Size: 0x0000395c, Max: 0x00040000, ABSOLUTE)

    Execution Region ER_IROM1 (Base: 0x00000000, Size: 0x000038e0, Max: 0x00040000, ABSOLUTE)

    Base Addr    Size         Type   Attr      Idx    E Section Name        Object

    0x00000000   0x000000c0   Data   RO          229    RESET               arm_startup_nrf51.o
    0x000000c0   0x00000000   Code   RO          972  * .ARM.Collect$$$$00000000  mc_p.l(entry.o)
    0x000000c0   0x00000004   Code   RO         1013    .ARM.Collect$$$$00000001  mc_p.l(entry2.o)
    0x000000c4   0x00000004   Code   RO         1016    .ARM.Collect$$$$00000004  mc_p.l(entry5.o)
    0x000000c8   0x00000000   Code   RO         1018    .ARM.Collect$$$$00000008  mc_p.l(entry7b.o)
    0x000000c8   0x00000000   Code   RO         1020    .ARM.Collect$$$$0000000A  mc_p.l(entry8b.o)
    0x000000c8   0x00000008   Code   RO         1021    .ARM.Collect$$$$0000000B  mc_p.l(entry9a.o)
    0x000000d0   0x00000000   Code   RO         1023    .ARM.Collect$$$$0000000D  mc_p.l(entry10a.o)
    0x000000d0   0x00000000   Code   RO         1025    .ARM.Collect$$$$0000000F  mc_p.l(entry11a.o)
    0x000000d0   0x00000004   Code   RO         1014    .ARM.Collect$$$$00002712  mc_p.l(entry2.o)
    0x000000d4   0x00000038   Code   RO          230    .text               arm_startup_nrf51.o
    0x0000010c   0x0000002c   Code   RO          975    .text               mc_p.l(uidiv.o)
    0x00000138   0x00000024   Code   RO          977    .text               mc_p.l(memcpya.o)
    0x0000015c   0x00000024   Code   RO          979    .text               mc_p.l(memseta.o)
    0x00000180   0x0000001a   Code   RO          981    .text               mc_p.l(memcmp.o)
    0x0000019a   0x00000060   Code   RO         1030    .text               mc_p.l(uldiv.o)
    0x000001fa   0x00000000   Code   RO         1032    .text               mc_p.l(iusefp.o)
    0x000001fa   0x00000002   PAD
    0x000001fc   0x00000164   Code   RO         1033    .text               mf_p.l(dadd.o)
    0x00000360   0x000000d0   Code   RO         1035    .text               mf_p.l(dmul.o)
    0x00000430   0x000000f0   Code   RO         1037    .text               mf_p.l(ddiv.o)
    0x00000520   0x00000040   Code   RO         1039    .text               mf_p.l(dfixul.o)
    0x00000560   0x00000028   Code   RO         1041    .text               mf_p.l(cdrcmple.o)
    0x00000588   0x00000024   Code   RO         1043    .text               mc_p.l(init.o)
    0x000005ac   0x00000020   Code   RO         1046    .text               mc_p.l(llshl.o)
    0x000005cc   0x00000022   Code   RO         1048    .text               mc_p.l(llushr.o)
    0x000005ee   0x00000026   Code   RO         1050    .text               mc_p.l(llsshr.o)
    0x00000614   0x000000be   Code   RO         1053    .text               mf_p.l(depilogue.o)
    0x000006d2   0x00000002   PAD
    0x000006d4   0x000001a0   Code   RO          470    i.ESB_Init          radio-platform.o
    0x00000874   0x00000018   Code   RO            3    i.NVIC_ClearPendingIRQ  main_mesh_v2.o
    0x0000088c   0x00000018   Code   RO          679    i.NVIC_ClearPendingIRQ  ESB_lib_precompiled.lib(nrf_esb.o)
    0x000008a4   0x00000018   Code   RO            4    i.NVIC_DisableIRQ   main_mesh_v2.o
    0x000008bc   0x00000018   Code   RO          680    i.NVIC_DisableIRQ   ESB_lib_precompiled.lib(nrf_esb.o)
    0x000008d4   0x00000018   Code   RO            5    i.NVIC_EnableIRQ    main_mesh_v2.o
    0x000008ec   0x00000018   Code   RO          681    i.NVIC_EnableIRQ    ESB_lib_precompiled.lib(nrf_esb.o)
    0x00000904   0x00000018   Code   RO          682    i.NVIC_SetPendingIRQ  ESB_lib_precompiled.lib(nrf_esb.o)
    0x0000091c   0x00000078   Code   RO            6    i.NVIC_SetPriority  main_mesh_v2.o
    0x00000994   0x00000044   Code   RO          683    i.NVIC_SetPriority  ESB_lib_precompiled.lib(nrf_esb.o)
    0x000009d8   0x00000054   Code   RO          684    i.RADIO_IRQHandler  ESB_lib_precompiled.lib(nrf_esb.o)
    0x00000a2c   0x00000080   Code   RO            7    i.RTC0_IRQHandler   main_mesh_v2.o
    0x00000aac   0x00000058   Code   RO           90    i.RTC_Init          main_mesh_v2.o
    0x00000b04   0x00000012   Code   RO          240    i.RingBufEmpty      ringbuf.o
    0x00000b16   0x00000016   Code   RO          241    i.RingBufFlush      ringbuf.o
    0x00000b2c   0x00000012   Code   RO          242    i.RingBufFree       ringbuf.o
    0x00000b3e   0x0000000c   Code   RO          244    i.RingBufInit       ringbuf.o
    0x00000b4a   0x0000001c   Code   RO          245    i.RingBufRead       ringbuf.o
    0x00000b66   0x0000001a   Code   RO          246    i.RingBufReadOne    ringbuf.o
    0x00000b80   0x00000018   Code   RO          248    i.RingBufUsed       ringbuf.o
    0x00000b98   0x00000028   Code   RO          249    i.RingBufWrite      ringbuf.o
    0x00000bc0   0x00000018   Code   RO          250    i.RingBufWriteOne   ringbuf.o
    0x00000bd8   0x00000050   Code   RO          685    i.SWI0_IRQHandler   ESB_lib_precompiled.lib(nrf_esb.o)
    0x00000c28   0x00000064   Code   RO          180    i.SystemInit        system_nrf51.o
    0x00000c8c   0x00000028   Code   RO            8    i.TIC_TOC_timer_set  main_mesh_v2.o
    0x00000cb4   0x0000002c   Code   RO            9    i.TIMER0_IRQHandler  main_mesh_v2.o
    0x00000ce0   0x00000048   Code   RO           84    i.Timer0_Init       main_mesh_v2.o
    0x00000d28   0x00000060   Code   RO           10    i.UART0_IRQHandler  main_mesh_v2.o
    0x00000d88   0x0000006c   Code   RO           96    i.UART_Init         main_mesh_v2.o
    0x00000df4   0x00000028   Code   RO          251    i.UpdateIndexAtomic  ringbuf.o
    0x00000e1c   0x00000024   Code   RO          992    i.__0vsprintf       mc_p.l(printfa.o)
    0x00000e40   0x0000002e   Code   RO         1055    i.__ARM_clz         mf_p.l(depilogue.o)
    0x00000e6e   0x0000000e   Code   RO         1059    i.__scatterload_copy  mc_p.l(handlers.o)
    0x00000e7c   0x00000002   Code   RO         1060    i.__scatterload_null  mc_p.l(handlers.o)
    0x00000e7e   0x0000000e   Code   RO         1061    i.__scatterload_zeroinit  mc_p.l(handlers.o)
    0x00000e8c   0x00000174   Code   RO          993    i._fp_digits        mc_p.l(printfa.o)
    0x00001000   0x000006ec   Code   RO          994    i._printf_core      mc_p.l(printfa.o)
    0x000016ec   0x00000020   Code   RO          995    i._printf_post_padding  mc_p.l(printfa.o)
    0x0000170c   0x0000002c   Code   RO          996    i._printf_pre_padding  mc_p.l(printfa.o)
    0x00001738   0x0000000a   Code   RO          998    i._sputc            mc_p.l(printfa.o)
    0x00001742   0x0000000a   Code   RO          686    i.addr_conv         ESB_lib_precompiled.lib(nrf_esb.o)
    0x0000174c   0x00000046   Code   RO          615    i.byte_array_to_int  node-radio.o
    0x00001792   0x00000002   PAD
    0x00001794   0x00000034   Code   RO          687    i.bytewise_bit_swap  ESB_lib_precompiled.lib(nrf_esb.o)
    0x000017c8   0x00000054   Code   RO          688    i.clear_events_restart_rx  ESB_lib_precompiled.lib(nrf_esb.o)
    0x0000181c   0x00000010   Code   RO          591    i.clock_monotonic_reset  radio-platform.o
    0x0000182c   0x00000044   Code   RO          102    i.clocks_start      main_mesh_v2.o
    0x00001870   0x00000060   Code   RO           78    i.dbg_print         main_mesh_v2.o
    0x000018d0   0x00000150   Code   RO          472    i.get_config_data   radio-platform.o
    0x00001a20   0x0000005c   Code   RO          597    i.get_my_packet_data  radio-platform.o
    0x00001a7c   0x00000108   Code   RO          473    i.get_node_data     radio-platform.o
    0x00001b84   0x0000000c   Code   RO          586    i.get_nrf_id        radio-platform.o
    0x00001b90   0x000000dc   Code   RO          474    i.get_probed        radio-platform.o
    0x00001c6c   0x00000036   Code   RO          616    i.int_to_byte_array  node-radio.o
    0x00001ca2   0x00000002   PAD
    0x00001ca4   0x00000038   Code   RO          181    i.is_disabled_in_debug_needed  system_nrf51.o
    0x00001cdc   0x0000006c   Code   RO          182    i.is_manual_peripheral_setup_needed  system_nrf51.o
    0x00001d48   0x00000054   Code   RO          183    i.is_peripheral_domain_setup_needed  system_nrf51.o
    0x00001d9c   0x00000070   Code   RO           11    i.main              main_mesh_v2.o
    0x00001e0c   0x0000004c   Code   RO          348    i.node_add_data     node.o
    0x00001e58   0x00000014   Code   RO          349    i.node_ammend_parent  node.o
    0x00001e6c   0x0000001c   Code   RO          350    i.node_ammend_this  node.o
    0x00001e88   0x00000060   Code   RO          351    i.node_configuration  node.o
    0x00001ee8   0x00000050   Code   RO          352    i.node_create_new_config_data  node.o
    0x00001f38   0x000000f8   Code   RO          353    i.node_get_config_ack  node.o
    0x00002030   0x00000080   Code   RO          354    i.node_init         node.o
    0x000020b0   0x00000098   Code   RO          355    i.node_loop         node.o
    0x00002148   0x000000c8   Code   RO          356    i.node_propagate_config_data  node.o
    0x00002210   0x0000001c   Code   RO          357    i.node_propagate_data  node.o
    0x0000222c   0x000000ac   Code   RO          358    i.node_propagate_start  node.o
    0x000022d8   0x00000038   Code   RO          617    i.node_radio_get_config_ack  node-radio.o
    0x00002310   0x0000006c   Code   RO          618    i.node_radio_get_data  node-radio.o
    0x0000237c   0x00000030   Code   RO          619    i.node_radio_get_start_beacon  node-radio.o
    0x000023ac   0x00000030   Code   RO          620    i.node_radio_set_config_ack  node-radio.o
    0x000023dc   0x00000050   Code   RO          621    i.node_radio_set_data  node-radio.o
    0x0000242c   0x00000028   Code   RO          622    i.node_radio_set_start_beacon  node-radio.o
    0x00002454   0x00000038   Code   RO          359    i.node_set_config_ack  node.o
    0x0000248c   0x00000028   Code   RO          360    i.node_sleep_until_next_interval  node.o
    0x000024b4   0x00000080   Code   RO          361    i.node_wait_data    node.o
    0x00002534   0x00000054   Code   RO          362    i.node_wait_for_start  node.o
    0x00002588   0x00000048   Code   RO          689    i.nrf_esb_disable   ESB_lib_precompiled.lib(nrf_esb.o)
    0x000025d0   0x0000000c   Code   RO          690    i.nrf_esb_enable_pipes  ESB_lib_precompiled.lib(nrf_esb.o)
    0x000025dc   0x00000020   Code   RO          692    i.nrf_esb_flush_tx  ESB_lib_precompiled.lib(nrf_esb.o)
    0x000025fc   0x000000c8   Code   RO          476    i.nrf_esb_get_probed_event_handler  radio-platform.o
    0x000026c4   0x00000104   Code   RO          694    i.nrf_esb_init      ESB_lib_precompiled.lib(nrf_esb.o)
    0x000027c8   0x00000014   Code   RO          695    i.nrf_esb_is_idle   ESB_lib_precompiled.lib(nrf_esb.o)
    0x000027dc   0x00000098   Code   RO          477    i.nrf_esb_probe_event_handler  radio-platform.o
    0x00002874   0x00000060   Code   RO          697    i.nrf_esb_read_rx_payload  ESB_lib_precompiled.lib(nrf_esb.o)
    0x000028d4   0x00000144   Code   RO          478    i.nrf_esb_rx_event_handler  radio-platform.o
    0x00002a18   0x0000001c   Code   RO          699    i.nrf_esb_set_base_address_0  ESB_lib_precompiled.lib(nrf_esb.o)
    0x00002a34   0x0000000c   Code   RO          702    i.nrf_esb_set_rf_channel  ESB_lib_precompiled.lib(nrf_esb.o)
    0x00002a40   0x00000074   Code   RO          704    i.nrf_esb_start_rx  ESB_lib_precompiled.lib(nrf_esb.o)
    0x00002ab4   0x00000048   Code   RO          706    i.nrf_esb_stop_rx   ESB_lib_precompiled.lib(nrf_esb.o)
    0x00002afc   0x000000e0   Code   RO          479    i.nrf_esb_tx_event_handler  radio-platform.o
    0x00002bdc   0x00000018   Code   RO          708    i.nrf_esb_update_prefix  ESB_lib_precompiled.lib(nrf_esb.o)
    0x00002bf4   0x00000090   Code   RO          709    i.nrf_esb_write_payload  ESB_lib_precompiled.lib(nrf_esb.o)
    0x00002c84   0x0000015c   Code   RO          710    i.on_radio_disabled_rx  ESB_lib_precompiled.lib(nrf_esb.o)
    0x00002de0   0x0000003c   Code   RO          711    i.on_radio_disabled_rx_ack  ESB_lib_precompiled.lib(nrf_esb.o)
    0x00002e1c   0x00000080   Code   RO          712    i.on_radio_disabled_tx  ESB_lib_precompiled.lib(nrf_esb.o)
    0x00002e9c   0x00000038   Code   RO          713    i.on_radio_disabled_tx_noack  ESB_lib_precompiled.lib(nrf_esb.o)
    0x00002ed4   0x00000110   Code   RO          714    i.on_radio_disabled_tx_wait_for_ack  ESB_lib_precompiled.lib(nrf_esb.o)
    0x00002fe4   0x00000098   Code   RO          480    i.probe             radio-platform.o
    0x0000307c   0x0000001c   Code   RO          715    i.reset_fifos       ESB_lib_precompiled.lib(nrf_esb.o)
    0x00003098   0x00000080   Code   RO          716    i.rx_fifo_push_rfbuf  ESB_lib_precompiled.lib(nrf_esb.o)
    0x00003118   0x000001a4   Code   RO          482    i.set_config_data   radio-platform.o
    0x000032bc   0x000000d8   Code   RO          483    i.set_node_data     radio-platform.o
    0x00003394   0x00000070   Code   RO          485    i.sleep_for         radio-platform.o
    0x00003404   0x00000018   Code   RO          486    i.sleep_until_next_interval  radio-platform.o
    0x0000341c   0x00000104   Code   RO          717    i.start_tx_transaction  ESB_lib_precompiled.lib(nrf_esb.o)
    0x00003520   0x00000050   Code   RO           12    i.timer_delay       main_mesh_v2.o
    0x00003570   0x00000038   Code   RO           13    i.timer_start       main_mesh_v2.o
    0x000035a8   0x00000030   Code   RO          718    i.tx_fifo_remove_last  ESB_lib_precompiled.lib(nrf_esb.o)
    0x000035d8   0x00000044   Code   RO          719    i.update_radio_addresses  ESB_lib_precompiled.lib(nrf_esb.o)
    0x0000361c   0x00000088   Code   RO          720    i.update_radio_parameters  ESB_lib_precompiled.lib(nrf_esb.o)
    0x000036a4   0x00000014   Code   RO          721    i.update_radio_tx_power  ESB_lib_precompiled.lib(nrf_esb.o)
    0x000036b8   0x0000002c   Code   RO          722    i.update_rf_payload_format_esb  ESB_lib_precompiled.lib(nrf_esb.o)
    0x000036e4   0x00000028   Code   RO          723    i.update_rf_payload_format_esb_dpl  ESB_lib_precompiled.lib(nrf_esb.o)
    0x0000370c   0x000001a0   Data   RO          364    .constdata          node.o
    0x000038ac   0x00000014   Data   RO          488    .constdata          radio-platform.o
    0x000038c0   0x00000020   Data   RO         1057    Region$$Table       anon$$obj.o


    Execution Region RW_IRAM1 (Base: 0x20000000, Size: 0x00001ae0, Max: 0x00008000, ABSOLUTE)

    Base Addr    Size         Type   Attr      Idx    E Section Name        Object

    0x20000000   0x00000002   Data   RW           15    .data               main_mesh_v2.o
    0x20000002   0x00000002   PAD
    0x20000004   0x00000004   Data   RW          184    .data               system_nrf51.o
    0x20000008   0x0000001e   Data   RW          365    .data               node.o
    0x20000026   0x00000002   PAD
    0x20000028   0x00000017   Data   RW          489    .data               radio-platform.o
    0x2000003f   0x00000001   PAD
    0x20000040   0x0000003c   Data   RW          725    .data               ESB_lib_precompiled.lib(nrf_esb.o)
    0x2000007c   0x00000820   Zero   RW           14    .bss                main_mesh_v2.o
    0x2000089c   0x00000344   Zero   RW          363    .bss                node.o
    0x20000be0   0x000002fd   Zero   RW          487    .bss                radio-platform.o
    0x20000edd   0x000000c8   Zero   RW          623    .bss                node-radio.o
    0x20000fa5   0x00000003   PAD
    0x20000fa8   0x00000332   Zero   RW          724    .bss                ESB_lib_precompiled.lib(nrf_esb.o)
    0x200012da   0x00000006   PAD
    0x200012e0   0x00000800   Zero   RW          227    STACK               arm_startup_nrf51.o


==============================================================================

Image component sizes


      Code (inc. data)   RO Data    RW Data    ZI Data      Debug   Object Name

        56         18        192          0       2048        640   arm_startup_nrf51.o
      1180        262          0          2       2080      43334   main_mesh_v2.o
       504         32          0          0        200       5132   node-radio.o
      1536        620        416         30        836       8633   node.o
      3180        412         20         23        765      18144   radio-platform.o
       252          0          0          0          0       6196   ringbuf.o
       348         38          0          4          0       2267   system_nrf51.o

    ----------------------------------------------------------------------
      7060       1382        660         64       5932      84346   Object Totals
         0          0         32          0          0          0   (incl. Generated)
         4          0          0          5          3          0   (incl. Padding)

    ----------------------------------------------------------------------

      Code (inc. data)   RO Data    RW Data    ZI Data      Debug   Library Member Name

      2998        572          0         60        818      49295   nrf_esb.o
         0          0          0          0          0          0   entry.o
         0          0          0          0          0          0   entry10a.o
         0          0          0          0          0          0   entry11a.o
         8          4          0          0          0          0   entry2.o
         4          0          0          0          0          0   entry5.o
         0          0          0          0          0          0   entry7b.o
         0          0          0          0          0          0   entry8b.o
         8          4          0          0          0          0   entry9a.o
        30          0          0          0          0          0   handlers.o
        36          8          0          0          0         68   init.o
         0          0          0          0          0          0   iusefp.o
        32          0          0          0          0         68   llshl.o
        38          0          0          0          0         68   llsshr.o
        34          0          0          0          0         68   llushr.o
        26          0          0          0          0         72   memcmp.o
        36          0          0          0          0         60   memcpya.o
        36          0          0          0          0        100   memseta.o
      2266         96          0          0          0        460   printfa.o
        44          0          0          0          0         72   uidiv.o
        96          0          0          0          0         84   uldiv.o
        40          2          0          0          0         68   cdrcmple.o
       356          4          0          0          0        140   dadd.o
       240          6          0          0          0         84   ddiv.o
       236          0          0          0          0        216   depilogue.o
        64         10          0          0          0         68   dfixul.o
       208          6          0          0          0         88   dmul.o

    ----------------------------------------------------------------------
      6840        712          0         60        824      51079   Library Totals
         4          0          0          0          6          0   (incl. Padding)

    ----------------------------------------------------------------------

      Code (inc. data)   RO Data    RW Data    ZI Data      Debug   Library Name

      2998        572          0         60        818      49295   ESB_lib_precompiled.lib
      2694        112          0          0          0       1120   mc_p.l
      1144         28          0          0          0        664   mf_p.l

    ----------------------------------------------------------------------
      6840        712          0         60        824      51079   Library Totals

    ----------------------------------------------------------------------

==============================================================================


      Code (inc. data)   RO Data    RW Data    ZI Data      Debug   

     13900       2094        660        124       6756     130289   Grand Totals
     13900       2094        660        124       6756     130289   ELF Image Totals
     13900       2094        660        124          0          0   ROM Totals

==============================================================================

    Total RO  Size (Code + RO Data)                14560 (  14.22kB)
    Total RW  Size (RW Data + ZI Data)              6880 (   6.72kB)
    Total ROM Size (Code + RO Data + RW Data)      14684 (  14.34kB)

==============================================================================

